.next/dev/types/validator.ts(747,31): error TS2344: Type 'typeof import("C:/Users/fasol/projects/kluska-monolith/src/app/api/gamification/admin/rewards/[rewardId]/route")' does not satisfy the constraint 'RouteHandlerConfig<"/api/gamification/admin/rewards/[rewardId]">'.
  Types of property 'GET' are incompatible.
    Type '(request: NextRequest, { params }: { params: { rewardId: string; }; }) => Promise<NextResponse<Document<unknown, {}, IReward, {}, DefaultSchemaOptions> & IReward & Required<...> & { ...; } & { ...; }> | NextResponse<...>>' is not assignable to type '(request: NextRequest, context: { params: Promise<{ rewardId: string; }>; }) => void | Response | Promise<void | Response>'.
      Types of parameters '__1' and 'context' are incompatible.
        Type '{ params: Promise<{ rewardId: string; }>; }' is not assignable to type '{ params: { rewardId: string; }; }'.
          Types of property 'params' are incompatible.
            Property 'rewardId' is missing in type 'Promise<{ rewardId: string; }>' but required in type '{ rewardId: string; }'.
.next/dev/types/validator.ts(765,31): error TS2344: Type 'typeof import("C:/Users/fasol/projects/kluska-monolith/src/app/api/gamification/goals/[goalId]/complete/route")' does not satisfy the constraint 'RouteHandlerConfig<"/api/gamification/goals/[goalId]/complete">'.
  Types of property 'POST' are incompatible.
    Type '(request: NextRequest, { params }: { params: { goalId: string; }; }) => Promise<NextResponse<{ error: string; }> | NextResponse<{ success: boolean; points: number; newBalance: number; levelUp: boolean; newAchievements: AchievementUnlock[]; }>>' is not assignable to type '(request: NextRequest, context: { params: Promise<{ goalId: string; }>; }) => void | Response | Promise<void | Response>'.
      Types of parameters '__1' and 'context' are incompatible.
        Type '{ params: Promise<{ goalId: string; }>; }' is not assignable to type '{ params: { goalId: string; }; }'.
          Types of property 'params' are incompatible.
            Property 'goalId' is missing in type 'Promise<{ goalId: string; }>' but required in type '{ goalId: string; }'.
.next/dev/types/validator.ts(855,31): error TS2344: Type 'typeof import("C:/Users/fasol/projects/kluska-monolith/src/app/api/trainer/diets/[id]/route")' does not satisfy the constraint 'RouteHandlerConfig<"/api/trainer/diets/[id]">'.
  Types of property 'GET' are incompatible.
    Type '(req: NextRequest, { params }: { params: { id: string; }; }) => Promise<NextResponse<{ error: string; }> | NextResponse<{ plan: Document<unknown, {}, IDietPlan, {}, DefaultSchemaOptions> & IDietPlan & Required<...> & { ...; } & { ...; }; }>>' is not assignable to type '(request: NextRequest, context: { params: Promise<{ id: string; }>; }) => void | Response | Promise<void | Response>'.
      Types of parameters '__1' and 'context' are incompatible.
        Type '{ params: Promise<{ id: string; }>; }' is not assignable to type '{ params: { id: string; }; }'.
          Types of property 'params' are incompatible.
            Property 'id' is missing in type 'Promise<{ id: string; }>' but required in type '{ id: string; }'.
.next/dev/types/validator.ts(873,31): error TS2344: Type 'typeof import("C:/Users/fasol/projects/kluska-monolith/src/app/api/trainer/meals/[id]/route")' does not satisfy the constraint 'RouteHandlerConfig<"/api/trainer/meals/[id]">'.
  Types of property 'GET' are incompatible.
    Type '(req: NextRequest, { params }: { params: { id: string; }; }) => Promise<NextResponse<{ error: string; }> | NextResponse<{ meal: Document<unknown, {}, ISavedMeal, {}, DefaultSchemaOptions> & ISavedMeal & Required<...> & { ...; } & { ...; }; }>>' is not assignable to type '(request: NextRequest, context: { params: Promise<{ id: string; }>; }) => void | Response | Promise<void | Response>'.
      Types of parameters '__1' and 'context' are incompatible.
        Type '{ params: Promise<{ id: string; }>; }' is not assignable to type '{ params: { id: string; }; }'.
          Types of property 'params' are incompatible.
            Property 'id' is missing in type 'Promise<{ id: string; }>' but required in type '{ id: string; }'.
scripts/test-upload.ts(28,13): error TS2353: Object literal may only specify known properties, and 'contentType' does not exist in type 'GridFSBucketWriteStreamOptions'.
src/ai/dev.ts(13,3): error TS2353: Object literal may only specify known properties, and 'logLevel' does not exist in type 'GenkitOptions'.
src/app/(admin)/admin/gyms/page.tsx(83,61): error TS2339: Property '_id' does not exist on type 'Gym'.
src/app/(admin)/admin/gyms/page.tsx(153,103): error TS2339: Property '_id' does not exist on type 'Gym'.
src/app/(admin)/admin/users/page.tsx(76,11): error TS2769: No overload matches this call.
  Overload 1 of 2, '(values: readonly ["athlete", "trainer", "admin"], params?: string | { error?: string | $ZodErrorMap<$ZodIssueInvalidValue<unknown>> | undefined; message?: string | undefined; } | undefined): ZodEnum<...>', gave the following error.
    Object literal may only specify known properties, and 'required_error' does not exist in type '{ error?: string | $ZodErrorMap<$ZodIssueInvalidValue<unknown>> | undefined; message?: string | undefined; }'.
  Overload 2 of 2, '(entries: Readonly<Record<string, EnumValue>>, params?: string | { error?: string | $ZodErrorMap<$ZodIssueInvalidValue<unknown>> | undefined; message?: string | undefined; } | undefined): ZodEnum<...>', gave the following error.
    Argument of type 'string[]' is not assignable to parameter of type 'Readonly<Record<string, EnumValue>>'.
      Index signature for type 'string' is missing in type 'string[]'.
src/app/(admin)/layout.tsx(32,31): error TS2339: Property 'role' does not exist on type '{}'.
src/app/(admin)/layout.tsx(34,31): error TS2339: Property 'role' does not exist on type '{}'.
src/app/(admin)/layout.tsx(36,31): error TS2339: Property 'role' does not exist on type '{}'.
src/app/(admin)/layout.tsx(57,20): error TS2339: Property 'role' does not exist on type '{}'.
src/app/(app)/layout.tsx(29,31): error TS2339: Property 'role' does not exist on type '{}'.
src/app/(app)/layout.tsx(31,31): error TS2339: Property 'role' does not exist on type '{}'.
src/app/(app)/layout.tsx(33,31): error TS2339: Property 'role' does not exist on type '{}'.
src/app/(app)/layout.tsx(49,20): error TS2339: Property 'role' does not exist on type '{}'.
src/app/(app)/layout.tsx(49,53): error TS2339: Property 'role' does not exist on type '{}'.
src/app/(app)/layout.tsx(49,88): error TS2339: Property 'role' does not exist on type '{}'.
src/app/(athlete)/athlete/calendar/page.tsx(214,103): error TS18048: 'set.reps' is possibly 'undefined'.
src/app/(athlete)/athlete/calendar/page.tsx(214,114): error TS18048: 'set.weight' is possibly 'undefined'.
src/app/(athlete)/athlete/calendar/page.tsx(240,122): error TS2551: Property 'exerciseId' does not exist on type 'ExerciseSeries'. Did you mean 'exercise'?
src/app/(athlete)/athlete/goals/page.tsx(76,5): error TS2353: Object literal may only specify known properties, and 'required_error' does not exist in type '{ error?: string | $ZodErrorMap<$ZodIssueInvalidType<unknown>> | undefined; message?: string | undefined; }'.
src/app/(athlete)/athlete/goals/page.tsx(84,5): error TS2353: Object literal may only specify known properties, and 'required_error' does not exist in type '{ error?: string | $ZodErrorMap<$ZodIssueInvalidType<unknown>> | undefined; message?: string | undefined; }'.
src/app/(athlete)/athlete/goals/page.tsx(98,5): error TS2322: Type 'Resolver<{ title: string; target: unknown; current: unknown; unit: string; deadline: Date; }, any, { title: string; target: number; current: number; unit: string; deadline: Date; }>' is not assignable to type 'Resolver<{ title: string; target: number; current: number; unit: string; deadline: Date; }, any, { title: string; target: number; current: number; unit: string; deadline: Date; }>'.
  Types of parameters 'options' and 'options' are incompatible.
    Type 'ResolverOptions<{ title: string; target: number; current: number; unit: string; deadline: Date; }>' is not assignable to type 'ResolverOptions<{ title: string; target: unknown; current: unknown; unit: string; deadline: Date; }>'.
      Type 'unknown' is not assignable to type 'number'.
src/app/(athlete)/athlete/goals/page.tsx(127,41): error TS2345: Argument of type '(data: GoalFormValues) => Promise<void>' is not assignable to parameter of type 'SubmitHandler<TFieldValues>'.
  Types of parameters 'data' and 'data' are incompatible.
    Type 'TFieldValues' is not assignable to type '{ title: string; target: number; current: number; unit: string; deadline: Date; }'.
      Type 'FieldValues' is missing the following properties from type '{ title: string; target: number; current: number; unit: string; deadline: Date; }': title, target, current, unit, deadline
src/app/(athlete)/athlete/goals/page.tsx(137,13): error TS2322: Type 'Control<{ title: string; target: number; current: number; unit: string; deadline: Date; }, any, TFieldValues>' is not assignable to type 'Control<{ title: string; target: number; current: number; unit: string; deadline: Date; }, any, { title: string; target: number; current: number; unit: string; deadline: Date; }>'.
  The types of '_options.resolver' are incompatible between these types.
    Type 'Resolver<{ title: string; target: number; current: number; unit: string; deadline: Date; }, any, TFieldValues> | undefined' is not assignable to type 'Resolver<{ title: string; target: number; current: number; unit: string; deadline: Date; }, any, { title: string; target: number; current: number; unit: string; deadline: Date; }> | undefined'.
      Type 'Resolver<{ title: string; target: number; current: number; unit: string; deadline: Date; }, any, TFieldValues>' is not assignable to type 'Resolver<{ title: string; target: number; current: number; unit: string; deadline: Date; }, any, { title: string; target: number; current: number; unit: string; deadline: Date; }>'.
        Type 'ResolverResult<{ title: string; target: number; current: number; unit: string; deadline: Date; }, TFieldValues> | Promise<ResolverResult<{ title: string; target: number; current: number; unit: string; deadline: Date; }, TFieldValues>>' is not assignable to type 'ResolverResult<{ title: string; target: number; current: number; unit: string; deadline: Date; }, { title: string; target: number; current: number; unit: string; deadline: Date; }> | Promise<...>'.
          Type 'ResolverSuccess<TFieldValues>' is not assignable to type 'ResolverResult<{ title: string; target: number; current: number; unit: string; deadline: Date; }, { title: string; target: number; current: number; unit: string; deadline: Date; }> | Promise<...>'.
            Type 'ResolverSuccess<TFieldValues>' is not assignable to type 'ResolverSuccess<{ title: string; target: number; current: number; unit: string; deadline: Date; }>'.
              Type 'TFieldValues' is not assignable to type '{ title: string; target: number; current: number; unit: string; deadline: Date; }'.
                Type 'FieldValues' is missing the following properties from type '{ title: string; target: number; current: number; unit: string; deadline: Date; }': title, target, current, unit, deadline
src/app/(athlete)/athlete/goals/page.tsx(151,15): error TS2322: Type 'Control<{ title: string; target: number; current: number; unit: string; deadline: Date; }, any, TFieldValues>' is not assignable to type 'Control<{ title: string; target: number; current: number; unit: string; deadline: Date; }, any, { title: string; target: number; current: number; unit: string; deadline: Date; }>'.
  The types of '_options.resolver' are incompatible between these types.
    Type 'Resolver<{ title: string; target: number; current: number; unit: string; deadline: Date; }, any, TFieldValues> | undefined' is not assignable to type 'Resolver<{ title: string; target: number; current: number; unit: string; deadline: Date; }, any, { title: string; target: number; current: number; unit: string; deadline: Date; }> | undefined'.
      Type 'Resolver<{ title: string; target: number; current: number; unit: string; deadline: Date; }, any, TFieldValues>' is not assignable to type 'Resolver<{ title: string; target: number; current: number; unit: string; deadline: Date; }, any, { title: string; target: number; current: number; unit: string; deadline: Date; }>'.
        Type 'ResolverResult<{ title: string; target: number; current: number; unit: string; deadline: Date; }, TFieldValues> | Promise<ResolverResult<{ title: string; target: number; current: number; unit: string; deadline: Date; }, TFieldValues>>' is not assignable to type 'ResolverResult<{ title: string; target: number; current: number; unit: string; deadline: Date; }, { title: string; target: number; current: number; unit: string; deadline: Date; }> | Promise<...>'.
          Type 'ResolverSuccess<TFieldValues>' is not assignable to type 'ResolverResult<{ title: string; target: number; current: number; unit: string; deadline: Date; }, { title: string; target: number; current: number; unit: string; deadline: Date; }> | Promise<...>'.
            Type 'ResolverSuccess<TFieldValues>' is not assignable to type 'ResolverSuccess<{ title: string; target: number; current: number; unit: string; deadline: Date; }>'.
              Type 'TFieldValues' is not assignable to type '{ title: string; target: number; current: number; unit: string; deadline: Date; }'.
                Type 'FieldValues' is missing the following properties from type '{ title: string; target: number; current: number; unit: string; deadline: Date; }': title, target, current, unit, deadline
src/app/(athlete)/athlete/goals/page.tsx(164,15): error TS2322: Type 'Control<{ title: string; target: number; current: number; unit: string; deadline: Date; }, any, TFieldValues>' is not assignable to type 'Control<{ title: string; target: number; current: number; unit: string; deadline: Date; }, any, { title: string; target: number; current: number; unit: string; deadline: Date; }>'.
  The types of '_options.resolver' are incompatible between these types.
    Type 'Resolver<{ title: string; target: number; current: number; unit: string; deadline: Date; }, any, TFieldValues> | undefined' is not assignable to type 'Resolver<{ title: string; target: number; current: number; unit: string; deadline: Date; }, any, { title: string; target: number; current: number; unit: string; deadline: Date; }> | undefined'.
      Type 'Resolver<{ title: string; target: number; current: number; unit: string; deadline: Date; }, any, TFieldValues>' is not assignable to type 'Resolver<{ title: string; target: number; current: number; unit: string; deadline: Date; }, any, { title: string; target: number; current: number; unit: string; deadline: Date; }>'.
        Type 'ResolverResult<{ title: string; target: number; current: number; unit: string; deadline: Date; }, TFieldValues> | Promise<ResolverResult<{ title: string; target: number; current: number; unit: string; deadline: Date; }, TFieldValues>>' is not assignable to type 'ResolverResult<{ title: string; target: number; current: number; unit: string; deadline: Date; }, { title: string; target: number; current: number; unit: string; deadline: Date; }> | Promise<...>'.
          Type 'ResolverSuccess<TFieldValues>' is not assignable to type 'ResolverResult<{ title: string; target: number; current: number; unit: string; deadline: Date; }, { title: string; target: number; current: number; unit: string; deadline: Date; }> | Promise<...>'.
            Type 'ResolverSuccess<TFieldValues>' is not assignable to type 'ResolverSuccess<{ title: string; target: number; current: number; unit: string; deadline: Date; }>'.
              Type 'TFieldValues' is not assignable to type '{ title: string; target: number; current: number; unit: string; deadline: Date; }'.
                Type 'FieldValues' is missing the following properties from type '{ title: string; target: number; current: number; unit: string; deadline: Date; }': title, target, current, unit, deadline
src/app/(athlete)/athlete/goals/page.tsx(177,15): error TS2322: Type 'Control<{ title: string; target: number; current: number; unit: string; deadline: Date; }, any, TFieldValues>' is not assignable to type 'Control<{ title: string; target: number; current: number; unit: string; deadline: Date; }, any, { title: string; target: number; current: number; unit: string; deadline: Date; }>'.
  The types of '_options.resolver' are incompatible between these types.
    Type 'Resolver<{ title: string; target: number; current: number; unit: string; deadline: Date; }, any, TFieldValues> | undefined' is not assignable to type 'Resolver<{ title: string; target: number; current: number; unit: string; deadline: Date; }, any, { title: string; target: number; current: number; unit: string; deadline: Date; }> | undefined'.
      Type 'Resolver<{ title: string; target: number; current: number; unit: string; deadline: Date; }, any, TFieldValues>' is not assignable to type 'Resolver<{ title: string; target: number; current: number; unit: string; deadline: Date; }, any, { title: string; target: number; current: number; unit: string; deadline: Date; }>'.
        Type 'ResolverResult<{ title: string; target: number; current: number; unit: string; deadline: Date; }, TFieldValues> | Promise<ResolverResult<{ title: string; target: number; current: number; unit: string; deadline: Date; }, TFieldValues>>' is not assignable to type 'ResolverResult<{ title: string; target: number; current: number; unit: string; deadline: Date; }, { title: string; target: number; current: number; unit: string; deadline: Date; }> | Promise<...>'.
          Type 'ResolverSuccess<TFieldValues>' is not assignable to type 'ResolverResult<{ title: string; target: number; current: number; unit: string; deadline: Date; }, { title: string; target: number; current: number; unit: string; deadline: Date; }> | Promise<...>'.
            Type 'ResolverSuccess<TFieldValues>' is not assignable to type 'ResolverSuccess<{ title: string; target: number; current: number; unit: string; deadline: Date; }>'.
              Type 'TFieldValues' is not assignable to type '{ title: string; target: number; current: number; unit: string; deadline: Date; }'.
                Type 'FieldValues' is missing the following properties from type '{ title: string; target: number; current: number; unit: string; deadline: Date; }': title, target, current, unit, deadline
src/app/(athlete)/athlete/goals/page.tsx(191,13): error TS2322: Type 'Control<{ title: string; target: number; current: number; unit: string; deadline: Date; }, any, TFieldValues>' is not assignable to type 'Control<{ title: string; target: number; current: number; unit: string; deadline: Date; }, any, { title: string; target: number; current: number; unit: string; deadline: Date; }>'.
  The types of '_options.resolver' are incompatible between these types.
    Type 'Resolver<{ title: string; target: number; current: number; unit: string; deadline: Date; }, any, TFieldValues> | undefined' is not assignable to type 'Resolver<{ title: string; target: number; current: number; unit: string; deadline: Date; }, any, { title: string; target: number; current: number; unit: string; deadline: Date; }> | undefined'.
      Type 'Resolver<{ title: string; target: number; current: number; unit: string; deadline: Date; }, any, TFieldValues>' is not assignable to type 'Resolver<{ title: string; target: number; current: number; unit: string; deadline: Date; }, any, { title: string; target: number; current: number; unit: string; deadline: Date; }>'.
        Type 'ResolverResult<{ title: string; target: number; current: number; unit: string; deadline: Date; }, TFieldValues> | Promise<ResolverResult<{ title: string; target: number; current: number; unit: string; deadline: Date; }, TFieldValues>>' is not assignable to type 'ResolverResult<{ title: string; target: number; current: number; unit: string; deadline: Date; }, { title: string; target: number; current: number; unit: string; deadline: Date; }> | Promise<...>'.
          Type 'ResolverSuccess<TFieldValues>' is not assignable to type 'ResolverResult<{ title: string; target: number; current: number; unit: string; deadline: Date; }, { title: string; target: number; current: number; unit: string; deadline: Date; }> | Promise<...>'.
            Type 'ResolverSuccess<TFieldValues>' is not assignable to type 'ResolverSuccess<{ title: string; target: number; current: number; unit: string; deadline: Date; }>'.
              Type 'TFieldValues' is not assignable to type '{ title: string; target: number; current: number; unit: string; deadline: Date; }'.
                Type 'FieldValues' is missing the following properties from type '{ title: string; target: number; current: number; unit: string; deadline: Date; }': title, target, current, unit, deadline
src/app/(athlete)/athlete/goals/page.tsx(269,5): error TS2322: Type 'string' is not assignable to type 'never'.
src/app/(athlete)/athlete/knowledge-zone/manage/page.tsx(177,58): error TS2339: Property 'toDate' does not exist on type 'string'.
src/app/(athlete)/athlete/log/page.tsx(162,5): error TS2322: Type 'Resolver<{ workoutName: string; exerciseSeries: { exerciseId: string; sets?: { number?: number | undefined; type?: SetType | undefined; reps?: unknown; weight?: unknown; restTimeSeconds?: unknown; duration?: unknown; completed?: boolean | undefined; }[] | undefined; tempo?: string | undefined; tip?: string | undefin...' is not assignable to type 'Resolver<{ workoutName: string; exerciseSeries: { exerciseId: string; sets: { type: SetType; restTimeSeconds: number; number?: number | undefined; reps?: number | undefined; weight?: number | undefined; duration?: number | undefined; completed?: boolean | undefined; }[]; tempo: string; tip?: string | undefined; }[];...'.
  Types of parameters 'options' and 'options' are incompatible.
    Type 'ResolverOptions<{ workoutName: string; exerciseSeries: { exerciseId: string; sets: { type: SetType; restTimeSeconds: number; number?: number | undefined; reps?: number | undefined; weight?: number | undefined; duration?: number | undefined; completed?: boolean | undefined; }[]; tempo: string; tip?: string | undefine...' is not assignable to type 'ResolverOptions<{ workoutName: string; exerciseSeries: { exerciseId: string; sets?: { number?: number | undefined; type?: SetType | undefined; reps?: unknown; weight?: unknown; restTimeSeconds?: unknown; duration?: unknown; completed?: boolean | undefined; }[] | undefined; tempo?: string | undefined; tip?: string | ...'.
      Type '{ exerciseId: string; sets?: { number?: number | undefined; type?: SetType | undefined; reps?: unknown; weight?: unknown; restTimeSeconds?: unknown; duration?: unknown; completed?: boolean | undefined; }[] | undefined; tempo?: string | undefined; tip?: string | undefined; }[]' is not assignable to type '{ exerciseId: string; sets: { type: SetType; restTimeSeconds: number; number?: number | undefined; reps?: number | undefined; weight?: number | undefined; duration?: number | undefined; completed?: boolean | undefined; }[]; tempo: string; tip?: string | undefined; }[]'.
        Type '{ exerciseId: string; sets?: { number?: number | undefined; type?: SetType | undefined; reps?: unknown; weight?: unknown; restTimeSeconds?: unknown; duration?: unknown; completed?: boolean | undefined; }[] | undefined; tempo?: string | undefined; tip?: string | undefined; }' is not assignable to type '{ exerciseId: string; sets: { type: SetType; restTimeSeconds: number; number?: number | undefined; reps?: number | undefined; weight?: number | undefined; duration?: number | undefined; completed?: boolean | undefined; }[]; tempo: string; tip?: string | undefined; }'.
          Types of property 'sets' are incompatible.
            Type '{ number?: number | undefined; type?: SetType | undefined; reps?: unknown; weight?: unknown; restTimeSeconds?: unknown; duration?: unknown; completed?: boolean | undefined; }[] | undefined' is not assignable to type '{ type: SetType; restTimeSeconds: number; number?: number | undefined; reps?: number | undefined; weight?: number | undefined; duration?: number | undefined; completed?: boolean | undefined; }[]'.
              Type 'undefined' is not assignable to type '{ type: SetType; restTimeSeconds: number; number?: number | undefined; reps?: number | undefined; weight?: number | undefined; duration?: number | undefined; completed?: boolean | undefined; }[]'.
src/app/(athlete)/athlete/log/page.tsx(196,43): error TS2345: Argument of type '(data: { workoutName: string; exerciseSeries: { exerciseId: string; sets: { type: SetType; restTimeSeconds: number; number?: number | undefined; reps?: number | undefined; weight?: number | undefined; duration?: number | undefined; completed?: boolean | undefined; }[]; tempo: string; tip?: string | undefined; }[]; l...' is not assignable to parameter of type 'SubmitHandler<TFieldValues>'.
  Types of parameters 'data' and 'data' are incompatible.
    Type 'TFieldValues' is not assignable to type '{ workoutName: string; exerciseSeries: { exerciseId: string; sets: { type: SetType; restTimeSeconds: number; number?: number | undefined; reps?: number | undefined; weight?: number | undefined; duration?: number | undefined; completed?: boolean | undefined; }[]; tempo: string; tip?: string | undefined; }[]; level: T...'.
      Type 'FieldValues' is missing the following properties from type '{ workoutName: string; exerciseSeries: { exerciseId: string; sets: { type: SetType; restTimeSeconds: number; number?: number | undefined; reps?: number | undefined; weight?: number | undefined; duration?: number | undefined; completed?: boolean | undefined; }[]; tempo: string; tip?: string | undefined; }[]; level: T...': workoutName, exerciseSeries, level
src/app/(athlete)/athlete/log/page.tsx(203,17): error TS2719: Type 'import("C:/Users/fasol/projects/kluska-monolith/node_modules/react-hook-form/dist/types/form").Control<{ workoutName: string; exerciseSeries: { exerciseId: string; sets: { type: import("C:/Users/fasol/projects/kluska-monolith/src/models/types/enums").SetType; restTimeSeconds: number; ... 4 more ...; completed?: bool...' is not assignable to type 'import("C:/Users/fasol/projects/kluska-monolith/node_modules/react-hook-form/dist/types/form").Control<{ workoutName: string; exerciseSeries: { exerciseId: string; sets: { type: import("C:/Users/fasol/projects/kluska-monolith/src/models/types/enums").SetType; restTimeSeconds: number; ... 4 more ...; completed?: bool...'. Two different types with this name exist, but they are unrelated.
  The types of '_options.resolver' are incompatible between these types.
    Type 'import("C:/Users/fasol/projects/kluska-monolith/node_modules/react-hook-form/dist/types/resolvers").Resolver<{ workoutName: string; exerciseSeries: { exerciseId: string; sets: { type: import("C:/Users/fasol/projects/kluska-monolith/src/models/types/enums").SetType; restTimeSeconds: number; ... 4 more ...; completed?...' is not assignable to type 'import("C:/Users/fasol/projects/kluska-monolith/node_modules/react-hook-form/dist/types/resolvers").Resolver<{ workoutName: string; exerciseSeries: { exerciseId: string; sets: { type: import("C:/Users/fasol/projects/kluska-monolith/src/models/types/enums").SetType; restTimeSeconds: number; ... 4 more ...; completed?...'. Two different types with this name exist, but they are unrelated.
      Type 'import("C:/Users/fasol/projects/kluska-monolith/node_modules/react-hook-form/dist/types/resolvers").Resolver<{ workoutName: string; exerciseSeries: { exerciseId: string; sets: { type: import("C:/Users/fasol/projects/kluska-monolith/src/models/types/enums").SetType; restTimeSeconds: number; ... 4 more ...; completed?...' is not assignable to type 'import("C:/Users/fasol/projects/kluska-monolith/node_modules/react-hook-form/dist/types/resolvers").Resolver<{ workoutName: string; exerciseSeries: { exerciseId: string; sets: { type: import("C:/Users/fasol/projects/kluska-monolith/src/models/types/enums").SetType; restTimeSeconds: number; ... 4 more ...; completed?...'. Two different types with this name exist, but they are unrelated.
        Type 'import("C:/Users/fasol/projects/kluska-monolith/node_modules/react-hook-form/dist/types/resolvers").ResolverResult<{ workoutName: string; exerciseSeries: { exerciseId: string; sets: { type: import("C:/Users/fasol/projects/kluska-monolith/src/models/types/enums").SetType; restTimeSeconds: number; ... 4 more ...; comp...' is not assignable to type 'import("C:/Users/fasol/projects/kluska-monolith/node_modules/react-hook-form/dist/types/resolvers").ResolverResult<{ workoutName: string; exerciseSeries: { exerciseId: string; sets: { type: import("C:/Users/fasol/projects/kluska-monolith/src/models/types/enums").SetType; restTimeSeconds: number; ... 4 more ...; comp...'. Two different types with this name exist, but they are unrelated.
          Type 'ResolverSuccess<TFieldValues>' is not assignable to type 'ResolverResult<{ workoutName: string; exerciseSeries: { exerciseId: string; sets: { type: SetType; restTimeSeconds: number; number?: number | undefined; reps?: number | undefined; weight?: number | undefined; duration?: number | undefined; completed?: boolean | undefined; }[]; tempo: string; tip?: string | undefined...'.
            Type 'ResolverSuccess<TFieldValues>' is not assignable to type 'ResolverSuccess<{ workoutName: string; exerciseSeries: { exerciseId: string; sets: { type: SetType; restTimeSeconds: number; number?: number | undefined; reps?: number | undefined; weight?: number | undefined; duration?: number | undefined; completed?: boolean | undefined; }[]; tempo: string; tip?: string | undefine...'.
              Type 'TFieldValues' is not assignable to type '{ workoutName: string; exerciseSeries: { exerciseId: string; sets: { type: SetType; restTimeSeconds: number; number?: number | undefined; reps?: number | undefined; weight?: number | undefined; duration?: number | undefined; completed?: boolean | undefined; }[]; tempo: string; tip?: string | undefined; }[]; level: T...'.
                Type 'FieldValues' is missing the following properties from type '{ workoutName: string; exerciseSeries: { exerciseId: string; sets: { type: SetType; restTimeSeconds: number; number?: number | undefined; reps?: number | undefined; weight?: number | undefined; duration?: number | undefined; completed?: boolean | undefined; }[]; tempo: string; tip?: string | undefined; }[]; level: T...': workoutName, exerciseSeries, level
src/app/(athlete)/athlete/log/page.tsx(296,5): error TS2322: Type 'Resolver<{ workoutName: string; exerciseSeries: { exerciseId: string; sets?: { number?: number | undefined; type?: SetType | undefined; reps?: unknown; weight?: unknown; restTimeSeconds?: unknown; duration?: unknown; completed?: boolean | undefined; }[] | undefined; tempo?: string | undefined; tip?: string | undefin...' is not assignable to type 'Resolver<{ workoutName: string; exerciseSeries: { exerciseId: string; sets: { type: SetType; restTimeSeconds: number; number?: number | undefined; reps?: number | undefined; weight?: number | undefined; duration?: number | undefined; completed?: boolean | undefined; }[]; tempo: string; tip?: string | undefined; }[];...'.
  Types of parameters 'options' and 'options' are incompatible.
    Type 'ResolverOptions<{ workoutName: string; exerciseSeries: { exerciseId: string; sets: { type: SetType; restTimeSeconds: number; number?: number | undefined; reps?: number | undefined; weight?: number | undefined; duration?: number | undefined; completed?: boolean | undefined; }[]; tempo: string; tip?: string | undefine...' is not assignable to type 'ResolverOptions<{ workoutName: string; exerciseSeries: { exerciseId: string; sets?: { number?: number | undefined; type?: SetType | undefined; reps?: unknown; weight?: unknown; restTimeSeconds?: unknown; duration?: unknown; completed?: boolean | undefined; }[] | undefined; tempo?: string | undefined; tip?: string | ...'.
      Type '{ exerciseId: string; sets?: { number?: number | undefined; type?: SetType | undefined; reps?: unknown; weight?: unknown; restTimeSeconds?: unknown; duration?: unknown; completed?: boolean | undefined; }[] | undefined; tempo?: string | undefined; tip?: string | undefined; }[]' is not assignable to type '{ exerciseId: string; sets: { type: SetType; restTimeSeconds: number; number?: number | undefined; reps?: number | undefined; weight?: number | undefined; duration?: number | undefined; completed?: boolean | undefined; }[]; tempo: string; tip?: string | undefined; }[]'.
        Type '{ exerciseId: string; sets?: { number?: number | undefined; type?: SetType | undefined; reps?: unknown; weight?: unknown; restTimeSeconds?: unknown; duration?: unknown; completed?: boolean | undefined; }[] | undefined; tempo?: string | undefined; tip?: string | undefined; }' is not assignable to type '{ exerciseId: string; sets: { type: SetType; restTimeSeconds: number; number?: number | undefined; reps?: number | undefined; weight?: number | undefined; duration?: number | undefined; completed?: boolean | undefined; }[]; tempo: string; tip?: string | undefined; }'.
          Types of property 'sets' are incompatible.
            Type '{ number?: number | undefined; type?: SetType | undefined; reps?: unknown; weight?: unknown; restTimeSeconds?: unknown; duration?: unknown; completed?: boolean | undefined; }[] | undefined' is not assignable to type '{ type: SetType; restTimeSeconds: number; number?: number | undefined; reps?: number | undefined; weight?: number | undefined; duration?: number | undefined; completed?: boolean | undefined; }[]'.
              Type 'undefined' is not assignable to type '{ type: SetType; restTimeSeconds: number; number?: number | undefined; reps?: number | undefined; weight?: number | undefined; duration?: number | undefined; completed?: boolean | undefined; }[]'.
src/app/(athlete)/athlete/log/page.tsx(621,46): error TS2345: Argument of type '(data: LogFormValues) => Promise<void>' is not assignable to parameter of type 'SubmitHandler<TFieldValues>'.
  Types of parameters 'data' and 'data' are incompatible.
    Type 'TFieldValues' is not assignable to type '{ workoutName: string; exerciseSeries: { exerciseId: string; sets: { type: SetType; restTimeSeconds: number; number?: number | undefined; reps?: number | undefined; weight?: number | undefined; duration?: number | undefined; completed?: boolean | undefined; }[]; tempo: string; tip?: string | undefined; }[]; level: T...'.
      Type 'FieldValues' is missing the following properties from type '{ workoutName: string; exerciseSeries: { exerciseId: string; sets: { type: SetType; restTimeSeconds: number; number?: number | undefined; reps?: number | undefined; weight?: number | undefined; duration?: number | undefined; completed?: boolean | undefined; }[]; tempo: string; tip?: string | undefined; }[]; level: T...': workoutName, exerciseSeries, level
src/app/(athlete)/athlete/log/page.tsx(651,17): error TS2719: Type 'import("C:/Users/fasol/projects/kluska-monolith/node_modules/react-hook-form/dist/types/form").Control<{ workoutName: string; exerciseSeries: { exerciseId: string; sets: { type: import("C:/Users/fasol/projects/kluska-monolith/src/models/types/enums").SetType; restTimeSeconds: number; ... 4 more ...; completed?: bool...' is not assignable to type 'import("C:/Users/fasol/projects/kluska-monolith/node_modules/react-hook-form/dist/types/form").Control<{ workoutName: string; exerciseSeries: { exerciseId: string; sets: { type: import("C:/Users/fasol/projects/kluska-monolith/src/models/types/enums").SetType; restTimeSeconds: number; ... 4 more ...; completed?: bool...'. Two different types with this name exist, but they are unrelated.
  The types of '_options.resolver' are incompatible between these types.
    Type 'import("C:/Users/fasol/projects/kluska-monolith/node_modules/react-hook-form/dist/types/resolvers").Resolver<{ workoutName: string; exerciseSeries: { exerciseId: string; sets: { type: import("C:/Users/fasol/projects/kluska-monolith/src/models/types/enums").SetType; restTimeSeconds: number; ... 4 more ...; completed?...' is not assignable to type 'import("C:/Users/fasol/projects/kluska-monolith/node_modules/react-hook-form/dist/types/resolvers").Resolver<{ workoutName: string; exerciseSeries: { exerciseId: string; sets: { type: import("C:/Users/fasol/projects/kluska-monolith/src/models/types/enums").SetType; restTimeSeconds: number; ... 4 more ...; completed?...'. Two different types with this name exist, but they are unrelated.
      Type 'import("C:/Users/fasol/projects/kluska-monolith/node_modules/react-hook-form/dist/types/resolvers").Resolver<{ workoutName: string; exerciseSeries: { exerciseId: string; sets: { type: import("C:/Users/fasol/projects/kluska-monolith/src/models/types/enums").SetType; restTimeSeconds: number; ... 4 more ...; completed?...' is not assignable to type 'import("C:/Users/fasol/projects/kluska-monolith/node_modules/react-hook-form/dist/types/resolvers").Resolver<{ workoutName: string; exerciseSeries: { exerciseId: string; sets: { type: import("C:/Users/fasol/projects/kluska-monolith/src/models/types/enums").SetType; restTimeSeconds: number; ... 4 more ...; completed?...'. Two different types with this name exist, but they are unrelated.
        Type 'import("C:/Users/fasol/projects/kluska-monolith/node_modules/react-hook-form/dist/types/resolvers").ResolverResult<{ workoutName: string; exerciseSeries: { exerciseId: string; sets: { type: import("C:/Users/fasol/projects/kluska-monolith/src/models/types/enums").SetType; restTimeSeconds: number; ... 4 more ...; comp...' is not assignable to type 'import("C:/Users/fasol/projects/kluska-monolith/node_modules/react-hook-form/dist/types/resolvers").ResolverResult<{ workoutName: string; exerciseSeries: { exerciseId: string; sets: { type: import("C:/Users/fasol/projects/kluska-monolith/src/models/types/enums").SetType; restTimeSeconds: number; ... 4 more ...; comp...'. Two different types with this name exist, but they are unrelated.
          Type 'ResolverSuccess<TFieldValues>' is not assignable to type 'ResolverResult<{ workoutName: string; exerciseSeries: { exerciseId: string; sets: { type: SetType; restTimeSeconds: number; number?: number | undefined; reps?: number | undefined; weight?: number | undefined; duration?: number | undefined; completed?: boolean | undefined; }[]; tempo: string; tip?: string | undefined...'.
            Type 'ResolverSuccess<TFieldValues>' is not assignable to type 'ResolverSuccess<{ workoutName: string; exerciseSeries: { exerciseId: string; sets: { type: SetType; restTimeSeconds: number; number?: number | undefined; reps?: number | undefined; weight?: number | undefined; duration?: number | undefined; completed?: boolean | undefined; }[]; tempo: string; tip?: string | undefine...'.
              Type 'TFieldValues' is not assignable to type '{ workoutName: string; exerciseSeries: { exerciseId: string; sets: { type: SetType; restTimeSeconds: number; number?: number | undefined; reps?: number | undefined; weight?: number | undefined; duration?: number | undefined; completed?: boolean | undefined; }[]; tempo: string; tip?: string | undefined; }[]; level: T...'.
                Type 'FieldValues' is missing the following properties from type '{ workoutName: string; exerciseSeries: { exerciseId: string; sets: { type: SetType; restTimeSeconds: number; number?: number | undefined; reps?: number | undefined; weight?: number | undefined; duration?: number | undefined; completed?: boolean | undefined; }[]; tempo: string; tip?: string | undefined; }[]; level: T...': workoutName, exerciseSeries, level
src/app/(athlete)/athlete/log/page.tsx(966,195): error TS2367: This comparison appears to be unintentional because the types 'number' and 'string' have no overlap.
src/app/(athlete)/athlete/log/page.tsx(1065,74): error TS2345: Argument of type 'boolean | undefined' is not assignable to parameter of type 'boolean'.
  Type 'undefined' is not assignable to type 'boolean'.
src/app/(athlete)/athlete/log/page.tsx(1156,54): error TS2551: Property 'exerciseId' does not exist on type 'ExerciseSeries'. Did you mean 'exercise'?
src/app/(athlete)/athlete/log/page.tsx(1380,56): error TS2551: Property 'exerciseId' does not exist on type 'ExerciseSeries'. Did you mean 'exercise'?
src/app/(athlete)/athlete/measurements/page.tsx(197,5): error TS2322: Type 'Resolver<{ weight: unknown; biceps?: unknown; chest?: unknown; waist?: unknown; hips?: unknown; thigh?: unknown; sharedWithTrainer?: boolean | undefined; photos?: File[] | undefined; }, any, { weight: number; sharedWithTrainer: boolean; biceps?: number | undefined; ... 4 more ...; photos?: File[] | undefined; }>' is not assignable to type 'Resolver<{ weight: number; sharedWithTrainer: boolean; biceps?: number | undefined; chest?: number | undefined; waist?: number | undefined; hips?: number | undefined; thigh?: number | undefined; photos?: File[] | undefined; }, any, { ...; }>'.
  Types of parameters 'options' and 'options' are incompatible.
    Type 'ResolverOptions<{ weight: number; sharedWithTrainer: boolean; biceps?: number | undefined; chest?: number | undefined; waist?: number | undefined; hips?: number | undefined; thigh?: number | undefined; photos?: File[] | undefined; }>' is not assignable to type 'ResolverOptions<{ weight: unknown; biceps?: unknown; chest?: unknown; waist?: unknown; hips?: unknown; thigh?: unknown; sharedWithTrainer?: boolean | undefined; photos?: File[] | undefined; }>'.
      Types of property 'names' are incompatible.
        Type 'string[] | undefined' is not assignable to type '("weight" | "sharedWithTrainer" | "biceps" | "chest" | "waist" | "hips" | "thigh" | "photos")[] | undefined'.
          Type 'string[]' is not assignable to type '("weight" | "sharedWithTrainer" | "biceps" | "chest" | "waist" | "hips" | "thigh" | "photos")[]'.
            Type 'string' is not assignable to type '"weight" | "sharedWithTrainer" | "biceps" | "chest" | "waist" | "hips" | "thigh" | "photos"'.
src/app/(athlete)/athlete/measurements/page.tsx(293,49): error TS2345: Argument of type '(data: MeasurementFormValues) => Promise<void>' is not assignable to parameter of type 'SubmitHandler<TFieldValues>'.
  Types of parameters 'data' and 'data' are incompatible.
    Type 'TFieldValues' is not assignable to type '{ weight: number; sharedWithTrainer: boolean; biceps?: number | undefined; chest?: number | undefined; waist?: number | undefined; hips?: number | undefined; thigh?: number | undefined; photos?: File[] | undefined; }'.
      Type 'FieldValues' is missing the following properties from type '{ weight: number; sharedWithTrainer: boolean; biceps?: number | undefined; chest?: number | undefined; waist?: number | undefined; hips?: number | undefined; thigh?: number | undefined; photos?: File[] | undefined; }': weight, sharedWithTrainer
src/app/(athlete)/athlete/measurements/page.tsx(295,19): error TS2322: Type 'Control<{ weight: number; sharedWithTrainer: boolean; biceps?: number | undefined; chest?: number | undefined; waist?: number | undefined; hips?: number | undefined; thigh?: number | undefined; photos?: File[] | undefined; }, any, TFieldValues>' is not assignable to type 'Control<{ weight: number; sharedWithTrainer: boolean; biceps?: number | undefined; chest?: number | undefined; waist?: number | undefined; hips?: number | undefined; thigh?: number | undefined; photos?: File[] | undefined; }, any, { ...; }>'.
  The types of '_options.resolver' are incompatible between these types.
    Type 'Resolver<{ weight: number; sharedWithTrainer: boolean; biceps?: number | undefined; chest?: number | undefined; waist?: number | undefined; hips?: number | undefined; thigh?: number | undefined; photos?: File[] | undefined; }, any, TFieldValues> | undefined' is not assignable to type 'Resolver<{ weight: number; sharedWithTrainer: boolean; biceps?: number | undefined; chest?: number | undefined; waist?: number | undefined; hips?: number | undefined; thigh?: number | undefined; photos?: File[] | undefined; }, any, { ...; }> | undefined'.
      Type 'Resolver<{ weight: number; sharedWithTrainer: boolean; biceps?: number | undefined; chest?: number | undefined; waist?: number | undefined; hips?: number | undefined; thigh?: number | undefined; photos?: File[] | undefined; }, any, TFieldValues>' is not assignable to type 'Resolver<{ weight: number; sharedWithTrainer: boolean; biceps?: number | undefined; chest?: number | undefined; waist?: number | undefined; hips?: number | undefined; thigh?: number | undefined; photos?: File[] | undefined; }, any, { ...; }>'.
        Type 'ResolverResult<{ weight: number; sharedWithTrainer: boolean; biceps?: number | undefined; chest?: number | undefined; waist?: number | undefined; hips?: number | undefined; thigh?: number | undefined; photos?: File[] | undefined; }, TFieldValues> | Promise<...>' is not assignable to type 'ResolverResult<{ weight: number; sharedWithTrainer: boolean; biceps?: number | undefined; chest?: number | undefined; waist?: number | undefined; hips?: number | undefined; thigh?: number | undefined; photos?: File[] | undefined; }, { ...; }> | Promise<...>'.
          Type 'ResolverSuccess<TFieldValues>' is not assignable to type 'ResolverResult<{ weight: number; sharedWithTrainer: boolean; biceps?: number | undefined; chest?: number | undefined; waist?: number | undefined; hips?: number | undefined; thigh?: number | undefined; photos?: File[] | undefined; }, { ...; }> | Promise<...>'.
            Type 'ResolverSuccess<TFieldValues>' is not assignable to type 'ResolverSuccess<{ weight: number; sharedWithTrainer: boolean; biceps?: number | undefined; chest?: number | undefined; waist?: number | undefined; hips?: number | undefined; thigh?: number | undefined; photos?: File[] | undefined; }>'.
              Type 'TFieldValues' is not assignable to type '{ weight: number; sharedWithTrainer: boolean; biceps?: number | undefined; chest?: number | undefined; waist?: number | undefined; hips?: number | undefined; thigh?: number | undefined; photos?: File[] | undefined; }'.
                Type 'FieldValues' is missing the following properties from type '{ weight: number; sharedWithTrainer: boolean; biceps?: number | undefined; chest?: number | undefined; waist?: number | undefined; hips?: number | undefined; thigh?: number | undefined; photos?: File[] | undefined; }': weight, sharedWithTrainer
src/app/(athlete)/athlete/measurements/page.tsx(308,30): error TS2322: Type 'Control<{ weight: number; sharedWithTrainer: boolean; biceps?: number | undefined; chest?: number | undefined; waist?: number | undefined; hips?: number | undefined; thigh?: number | undefined; photos?: File[] | undefined; }, any, TFieldValues>' is not assignable to type 'Control<{ weight: number; sharedWithTrainer: boolean; biceps?: number | undefined; chest?: number | undefined; waist?: number | undefined; hips?: number | undefined; thigh?: number | undefined; photos?: File[] | undefined; }, any, { ...; }>'.
  The types of '_options.resolver' are incompatible between these types.
    Type 'Resolver<{ weight: number; sharedWithTrainer: boolean; biceps?: number | undefined; chest?: number | undefined; waist?: number | undefined; hips?: number | undefined; thigh?: number | undefined; photos?: File[] | undefined; }, any, TFieldValues> | undefined' is not assignable to type 'Resolver<{ weight: number; sharedWithTrainer: boolean; biceps?: number | undefined; chest?: number | undefined; waist?: number | undefined; hips?: number | undefined; thigh?: number | undefined; photos?: File[] | undefined; }, any, { ...; }> | undefined'.
      Type 'Resolver<{ weight: number; sharedWithTrainer: boolean; biceps?: number | undefined; chest?: number | undefined; waist?: number | undefined; hips?: number | undefined; thigh?: number | undefined; photos?: File[] | undefined; }, any, TFieldValues>' is not assignable to type 'Resolver<{ weight: number; sharedWithTrainer: boolean; biceps?: number | undefined; chest?: number | undefined; waist?: number | undefined; hips?: number | undefined; thigh?: number | undefined; photos?: File[] | undefined; }, any, { ...; }>'.
        Type 'ResolverResult<{ weight: number; sharedWithTrainer: boolean; biceps?: number | undefined; chest?: number | undefined; waist?: number | undefined; hips?: number | undefined; thigh?: number | undefined; photos?: File[] | undefined; }, TFieldValues> | Promise<...>' is not assignable to type 'ResolverResult<{ weight: number; sharedWithTrainer: boolean; biceps?: number | undefined; chest?: number | undefined; waist?: number | undefined; hips?: number | undefined; thigh?: number | undefined; photos?: File[] | undefined; }, { ...; }> | Promise<...>'.
          Type 'ResolverSuccess<TFieldValues>' is not assignable to type 'ResolverResult<{ weight: number; sharedWithTrainer: boolean; biceps?: number | undefined; chest?: number | undefined; waist?: number | undefined; hips?: number | undefined; thigh?: number | undefined; photos?: File[] | undefined; }, { ...; }> | Promise<...>'.
            Type 'ResolverSuccess<TFieldValues>' is not assignable to type 'ResolverSuccess<{ weight: number; sharedWithTrainer: boolean; biceps?: number | undefined; chest?: number | undefined; waist?: number | undefined; hips?: number | undefined; thigh?: number | undefined; photos?: File[] | undefined; }>'.
              Type 'TFieldValues' is not assignable to type '{ weight: number; sharedWithTrainer: boolean; biceps?: number | undefined; chest?: number | undefined; waist?: number | undefined; hips?: number | undefined; thigh?: number | undefined; photos?: File[] | undefined; }'.
                Type 'FieldValues' is missing the following properties from type '{ weight: number; sharedWithTrainer: boolean; biceps?: number | undefined; chest?: number | undefined; waist?: number | undefined; hips?: number | undefined; thigh?: number | undefined; photos?: File[] | undefined; }': weight, sharedWithTrainer
src/app/(athlete)/athlete/measurements/page.tsx(309,30): error TS2322: Type 'Control<{ weight: number; sharedWithTrainer: boolean; biceps?: number | undefined; chest?: number | undefined; waist?: number | undefined; hips?: number | undefined; thigh?: number | undefined; photos?: File[] | undefined; }, any, TFieldValues>' is not assignable to type 'Control<{ weight: number; sharedWithTrainer: boolean; biceps?: number | undefined; chest?: number | undefined; waist?: number | undefined; hips?: number | undefined; thigh?: number | undefined; photos?: File[] | undefined; }, any, { ...; }>'.
  The types of '_options.resolver' are incompatible between these types.
    Type 'Resolver<{ weight: number; sharedWithTrainer: boolean; biceps?: number | undefined; chest?: number | undefined; waist?: number | undefined; hips?: number | undefined; thigh?: number | undefined; photos?: File[] | undefined; }, any, TFieldValues> | undefined' is not assignable to type 'Resolver<{ weight: number; sharedWithTrainer: boolean; biceps?: number | undefined; chest?: number | undefined; waist?: number | undefined; hips?: number | undefined; thigh?: number | undefined; photos?: File[] | undefined; }, any, { ...; }> | undefined'.
      Type 'Resolver<{ weight: number; sharedWithTrainer: boolean; biceps?: number | undefined; chest?: number | undefined; waist?: number | undefined; hips?: number | undefined; thigh?: number | undefined; photos?: File[] | undefined; }, any, TFieldValues>' is not assignable to type 'Resolver<{ weight: number; sharedWithTrainer: boolean; biceps?: number | undefined; chest?: number | undefined; waist?: number | undefined; hips?: number | undefined; thigh?: number | undefined; photos?: File[] | undefined; }, any, { ...; }>'.
        Type 'ResolverResult<{ weight: number; sharedWithTrainer: boolean; biceps?: number | undefined; chest?: number | undefined; waist?: number | undefined; hips?: number | undefined; thigh?: number | undefined; photos?: File[] | undefined; }, TFieldValues> | Promise<...>' is not assignable to type 'ResolverResult<{ weight: number; sharedWithTrainer: boolean; biceps?: number | undefined; chest?: number | undefined; waist?: number | undefined; hips?: number | undefined; thigh?: number | undefined; photos?: File[] | undefined; }, { ...; }> | Promise<...>'.
          Type 'ResolverSuccess<TFieldValues>' is not assignable to type 'ResolverResult<{ weight: number; sharedWithTrainer: boolean; biceps?: number | undefined; chest?: number | undefined; waist?: number | undefined; hips?: number | undefined; thigh?: number | undefined; photos?: File[] | undefined; }, { ...; }> | Promise<...>'.
            Type 'ResolverSuccess<TFieldValues>' is not assignable to type 'ResolverSuccess<{ weight: number; sharedWithTrainer: boolean; biceps?: number | undefined; chest?: number | undefined; waist?: number | undefined; hips?: number | undefined; thigh?: number | undefined; photos?: File[] | undefined; }>'.
              Type 'TFieldValues' is not assignable to type '{ weight: number; sharedWithTrainer: boolean; biceps?: number | undefined; chest?: number | undefined; waist?: number | undefined; hips?: number | undefined; thigh?: number | undefined; photos?: File[] | undefined; }'.
                Type 'FieldValues' is missing the following properties from type '{ weight: number; sharedWithTrainer: boolean; biceps?: number | undefined; chest?: number | undefined; waist?: number | undefined; hips?: number | undefined; thigh?: number | undefined; photos?: File[] | undefined; }': weight, sharedWithTrainer
src/app/(athlete)/athlete/measurements/page.tsx(310,30): error TS2322: Type 'Control<{ weight: number; sharedWithTrainer: boolean; biceps?: number | undefined; chest?: number | undefined; waist?: number | undefined; hips?: number | undefined; thigh?: number | undefined; photos?: File[] | undefined; }, any, TFieldValues>' is not assignable to type 'Control<{ weight: number; sharedWithTrainer: boolean; biceps?: number | undefined; chest?: number | undefined; waist?: number | undefined; hips?: number | undefined; thigh?: number | undefined; photos?: File[] | undefined; }, any, { ...; }>'.
  The types of '_options.resolver' are incompatible between these types.
    Type 'Resolver<{ weight: number; sharedWithTrainer: boolean; biceps?: number | undefined; chest?: number | undefined; waist?: number | undefined; hips?: number | undefined; thigh?: number | undefined; photos?: File[] | undefined; }, any, TFieldValues> | undefined' is not assignable to type 'Resolver<{ weight: number; sharedWithTrainer: boolean; biceps?: number | undefined; chest?: number | undefined; waist?: number | undefined; hips?: number | undefined; thigh?: number | undefined; photos?: File[] | undefined; }, any, { ...; }> | undefined'.
      Type 'Resolver<{ weight: number; sharedWithTrainer: boolean; biceps?: number | undefined; chest?: number | undefined; waist?: number | undefined; hips?: number | undefined; thigh?: number | undefined; photos?: File[] | undefined; }, any, TFieldValues>' is not assignable to type 'Resolver<{ weight: number; sharedWithTrainer: boolean; biceps?: number | undefined; chest?: number | undefined; waist?: number | undefined; hips?: number | undefined; thigh?: number | undefined; photos?: File[] | undefined; }, any, { ...; }>'.
        Type 'ResolverResult<{ weight: number; sharedWithTrainer: boolean; biceps?: number | undefined; chest?: number | undefined; waist?: number | undefined; hips?: number | undefined; thigh?: number | undefined; photos?: File[] | undefined; }, TFieldValues> | Promise<...>' is not assignable to type 'ResolverResult<{ weight: number; sharedWithTrainer: boolean; biceps?: number | undefined; chest?: number | undefined; waist?: number | undefined; hips?: number | undefined; thigh?: number | undefined; photos?: File[] | undefined; }, { ...; }> | Promise<...>'.
          Type 'ResolverSuccess<TFieldValues>' is not assignable to type 'ResolverResult<{ weight: number; sharedWithTrainer: boolean; biceps?: number | undefined; chest?: number | undefined; waist?: number | undefined; hips?: number | undefined; thigh?: number | undefined; photos?: File[] | undefined; }, { ...; }> | Promise<...>'.
            Type 'ResolverSuccess<TFieldValues>' is not assignable to type 'ResolverSuccess<{ weight: number; sharedWithTrainer: boolean; biceps?: number | undefined; chest?: number | undefined; waist?: number | undefined; hips?: number | undefined; thigh?: number | undefined; photos?: File[] | undefined; }>'.
              Type 'TFieldValues' is not assignable to type '{ weight: number; sharedWithTrainer: boolean; biceps?: number | undefined; chest?: number | undefined; waist?: number | undefined; hips?: number | undefined; thigh?: number | undefined; photos?: File[] | undefined; }'.
                Type 'FieldValues' is missing the following properties from type '{ weight: number; sharedWithTrainer: boolean; biceps?: number | undefined; chest?: number | undefined; waist?: number | undefined; hips?: number | undefined; thigh?: number | undefined; photos?: File[] | undefined; }': weight, sharedWithTrainer
src/app/(athlete)/athlete/measurements/page.tsx(311,30): error TS2322: Type 'Control<{ weight: number; sharedWithTrainer: boolean; biceps?: number | undefined; chest?: number | undefined; waist?: number | undefined; hips?: number | undefined; thigh?: number | undefined; photos?: File[] | undefined; }, any, TFieldValues>' is not assignable to type 'Control<{ weight: number; sharedWithTrainer: boolean; biceps?: number | undefined; chest?: number | undefined; waist?: number | undefined; hips?: number | undefined; thigh?: number | undefined; photos?: File[] | undefined; }, any, { ...; }>'.
  The types of '_options.resolver' are incompatible between these types.
    Type 'Resolver<{ weight: number; sharedWithTrainer: boolean; biceps?: number | undefined; chest?: number | undefined; waist?: number | undefined; hips?: number | undefined; thigh?: number | undefined; photos?: File[] | undefined; }, any, TFieldValues> | undefined' is not assignable to type 'Resolver<{ weight: number; sharedWithTrainer: boolean; biceps?: number | undefined; chest?: number | undefined; waist?: number | undefined; hips?: number | undefined; thigh?: number | undefined; photos?: File[] | undefined; }, any, { ...; }> | undefined'.
      Type 'Resolver<{ weight: number; sharedWithTrainer: boolean; biceps?: number | undefined; chest?: number | undefined; waist?: number | undefined; hips?: number | undefined; thigh?: number | undefined; photos?: File[] | undefined; }, any, TFieldValues>' is not assignable to type 'Resolver<{ weight: number; sharedWithTrainer: boolean; biceps?: number | undefined; chest?: number | undefined; waist?: number | undefined; hips?: number | undefined; thigh?: number | undefined; photos?: File[] | undefined; }, any, { ...; }>'.
        Type 'ResolverResult<{ weight: number; sharedWithTrainer: boolean; biceps?: number | undefined; chest?: number | undefined; waist?: number | undefined; hips?: number | undefined; thigh?: number | undefined; photos?: File[] | undefined; }, TFieldValues> | Promise<...>' is not assignable to type 'ResolverResult<{ weight: number; sharedWithTrainer: boolean; biceps?: number | undefined; chest?: number | undefined; waist?: number | undefined; hips?: number | undefined; thigh?: number | undefined; photos?: File[] | undefined; }, { ...; }> | Promise<...>'.
          Type 'ResolverSuccess<TFieldValues>' is not assignable to type 'ResolverResult<{ weight: number; sharedWithTrainer: boolean; biceps?: number | undefined; chest?: number | undefined; waist?: number | undefined; hips?: number | undefined; thigh?: number | undefined; photos?: File[] | undefined; }, { ...; }> | Promise<...>'.
            Type 'ResolverSuccess<TFieldValues>' is not assignable to type 'ResolverSuccess<{ weight: number; sharedWithTrainer: boolean; biceps?: number | undefined; chest?: number | undefined; waist?: number | undefined; hips?: number | undefined; thigh?: number | undefined; photos?: File[] | undefined; }>'.
              Type 'TFieldValues' is not assignable to type '{ weight: number; sharedWithTrainer: boolean; biceps?: number | undefined; chest?: number | undefined; waist?: number | undefined; hips?: number | undefined; thigh?: number | undefined; photos?: File[] | undefined; }'.
                Type 'FieldValues' is missing the following properties from type '{ weight: number; sharedWithTrainer: boolean; biceps?: number | undefined; chest?: number | undefined; waist?: number | undefined; hips?: number | undefined; thigh?: number | undefined; photos?: File[] | undefined; }': weight, sharedWithTrainer
src/app/(athlete)/athlete/measurements/page.tsx(312,30): error TS2322: Type 'Control<{ weight: number; sharedWithTrainer: boolean; biceps?: number | undefined; chest?: number | undefined; waist?: number | undefined; hips?: number | undefined; thigh?: number | undefined; photos?: File[] | undefined; }, any, TFieldValues>' is not assignable to type 'Control<{ weight: number; sharedWithTrainer: boolean; biceps?: number | undefined; chest?: number | undefined; waist?: number | undefined; hips?: number | undefined; thigh?: number | undefined; photos?: File[] | undefined; }, any, { ...; }>'.
  The types of '_options.resolver' are incompatible between these types.
    Type 'Resolver<{ weight: number; sharedWithTrainer: boolean; biceps?: number | undefined; chest?: number | undefined; waist?: number | undefined; hips?: number | undefined; thigh?: number | undefined; photos?: File[] | undefined; }, any, TFieldValues> | undefined' is not assignable to type 'Resolver<{ weight: number; sharedWithTrainer: boolean; biceps?: number | undefined; chest?: number | undefined; waist?: number | undefined; hips?: number | undefined; thigh?: number | undefined; photos?: File[] | undefined; }, any, { ...; }> | undefined'.
      Type 'Resolver<{ weight: number; sharedWithTrainer: boolean; biceps?: number | undefined; chest?: number | undefined; waist?: number | undefined; hips?: number | undefined; thigh?: number | undefined; photos?: File[] | undefined; }, any, TFieldValues>' is not assignable to type 'Resolver<{ weight: number; sharedWithTrainer: boolean; biceps?: number | undefined; chest?: number | undefined; waist?: number | undefined; hips?: number | undefined; thigh?: number | undefined; photos?: File[] | undefined; }, any, { ...; }>'.
        Type 'ResolverResult<{ weight: number; sharedWithTrainer: boolean; biceps?: number | undefined; chest?: number | undefined; waist?: number | undefined; hips?: number | undefined; thigh?: number | undefined; photos?: File[] | undefined; }, TFieldValues> | Promise<...>' is not assignable to type 'ResolverResult<{ weight: number; sharedWithTrainer: boolean; biceps?: number | undefined; chest?: number | undefined; waist?: number | undefined; hips?: number | undefined; thigh?: number | undefined; photos?: File[] | undefined; }, { ...; }> | Promise<...>'.
          Type 'ResolverSuccess<TFieldValues>' is not assignable to type 'ResolverResult<{ weight: number; sharedWithTrainer: boolean; biceps?: number | undefined; chest?: number | undefined; waist?: number | undefined; hips?: number | undefined; thigh?: number | undefined; photos?: File[] | undefined; }, { ...; }> | Promise<...>'.
            Type 'ResolverSuccess<TFieldValues>' is not assignable to type 'ResolverSuccess<{ weight: number; sharedWithTrainer: boolean; biceps?: number | undefined; chest?: number | undefined; waist?: number | undefined; hips?: number | undefined; thigh?: number | undefined; photos?: File[] | undefined; }>'.
              Type 'TFieldValues' is not assignable to type '{ weight: number; sharedWithTrainer: boolean; biceps?: number | undefined; chest?: number | undefined; waist?: number | undefined; hips?: number | undefined; thigh?: number | undefined; photos?: File[] | undefined; }'.
                Type 'FieldValues' is missing the following properties from type '{ weight: number; sharedWithTrainer: boolean; biceps?: number | undefined; chest?: number | undefined; waist?: number | undefined; hips?: number | undefined; thigh?: number | undefined; photos?: File[] | undefined; }': weight, sharedWithTrainer
src/app/(athlete)/athlete/measurements/page.tsx(352,19): error TS2322: Type 'Control<{ weight: number; sharedWithTrainer: boolean; biceps?: number | undefined; chest?: number | undefined; waist?: number | undefined; hips?: number | undefined; thigh?: number | undefined; photos?: File[] | undefined; }, any, TFieldValues>' is not assignable to type 'Control<{ weight: number; sharedWithTrainer: boolean; biceps?: number | undefined; chest?: number | undefined; waist?: number | undefined; hips?: number | undefined; thigh?: number | undefined; photos?: File[] | undefined; }, any, { ...; }>'.
  The types of '_options.resolver' are incompatible between these types.
    Type 'Resolver<{ weight: number; sharedWithTrainer: boolean; biceps?: number | undefined; chest?: number | undefined; waist?: number | undefined; hips?: number | undefined; thigh?: number | undefined; photos?: File[] | undefined; }, any, TFieldValues> | undefined' is not assignable to type 'Resolver<{ weight: number; sharedWithTrainer: boolean; biceps?: number | undefined; chest?: number | undefined; waist?: number | undefined; hips?: number | undefined; thigh?: number | undefined; photos?: File[] | undefined; }, any, { ...; }> | undefined'.
      Type 'Resolver<{ weight: number; sharedWithTrainer: boolean; biceps?: number | undefined; chest?: number | undefined; waist?: number | undefined; hips?: number | undefined; thigh?: number | undefined; photos?: File[] | undefined; }, any, TFieldValues>' is not assignable to type 'Resolver<{ weight: number; sharedWithTrainer: boolean; biceps?: number | undefined; chest?: number | undefined; waist?: number | undefined; hips?: number | undefined; thigh?: number | undefined; photos?: File[] | undefined; }, any, { ...; }>'.
        Type 'ResolverResult<{ weight: number; sharedWithTrainer: boolean; biceps?: number | undefined; chest?: number | undefined; waist?: number | undefined; hips?: number | undefined; thigh?: number | undefined; photos?: File[] | undefined; }, TFieldValues> | Promise<...>' is not assignable to type 'ResolverResult<{ weight: number; sharedWithTrainer: boolean; biceps?: number | undefined; chest?: number | undefined; waist?: number | undefined; hips?: number | undefined; thigh?: number | undefined; photos?: File[] | undefined; }, { ...; }> | Promise<...>'.
          Type 'ResolverSuccess<TFieldValues>' is not assignable to type 'ResolverResult<{ weight: number; sharedWithTrainer: boolean; biceps?: number | undefined; chest?: number | undefined; waist?: number | undefined; hips?: number | undefined; thigh?: number | undefined; photos?: File[] | undefined; }, { ...; }> | Promise<...>'.
            Type 'ResolverSuccess<TFieldValues>' is not assignable to type 'ResolverSuccess<{ weight: number; sharedWithTrainer: boolean; biceps?: number | undefined; chest?: number | undefined; waist?: number | undefined; hips?: number | undefined; thigh?: number | undefined; photos?: File[] | undefined; }>'.
              Type 'TFieldValues' is not assignable to type '{ weight: number; sharedWithTrainer: boolean; biceps?: number | undefined; chest?: number | undefined; waist?: number | undefined; hips?: number | undefined; thigh?: number | undefined; photos?: File[] | undefined; }'.
                Type 'FieldValues' is missing the following properties from type '{ weight: number; sharedWithTrainer: boolean; biceps?: number | undefined; chest?: number | undefined; waist?: number | undefined; hips?: number | undefined; thigh?: number | undefined; photos?: File[] | undefined; }': weight, sharedWithTrainer
src/app/(athlete)/athlete/running/page.tsx(91,5): error TS2322: Type 'Resolver<{ distance: unknown; duration: unknown; notes?: string | undefined; }, any, { distance: number; duration: number; notes?: string | undefined; }>' is not assignable to type 'Resolver<{ distance: number; duration: number; notes?: string | undefined; }, any, { distance: number; duration: number; notes?: string | undefined; }>'.
  Types of parameters 'options' and 'options' are incompatible.
    Type 'ResolverOptions<{ distance: number; duration: number; notes?: string | undefined; }>' is not assignable to type 'ResolverOptions<{ distance: unknown; duration: unknown; notes?: string | undefined; }>'.
      Type 'unknown' is not assignable to type 'number'.
src/app/(athlete)/athlete/running/page.tsx(93,7): error TS2322: Type 'string' is not assignable to type 'number'.
src/app/(athlete)/athlete/running/page.tsx(94,7): error TS2322: Type 'string' is not assignable to type 'number'.
src/app/(athlete)/athlete/running/page.tsx(145,49): error TS2345: Argument of type '(data: RunFormValues) => Promise<void>' is not assignable to parameter of type 'SubmitHandler<TFieldValues>'.
  Types of parameters 'data' and 'data' are incompatible.
    Type 'TFieldValues' is not assignable to type '{ distance: number; duration: number; notes?: string | undefined; }'.
      Type 'FieldValues' is missing the following properties from type '{ distance: number; duration: number; notes?: string | undefined; }': distance, duration
src/app/(athlete)/athlete/running/page.tsx(148,21): error TS2322: Type 'Control<{ distance: number; duration: number; notes?: string | undefined; }, any, TFieldValues>' is not assignable to type 'Control<{ distance: number; duration: number; notes?: string | undefined; }, any, { distance: number; duration: number; notes?: string | undefined; }>'.
  The types of '_options.resolver' are incompatible between these types.
    Type 'Resolver<{ distance: number; duration: number; notes?: string | undefined; }, any, TFieldValues> | undefined' is not assignable to type 'Resolver<{ distance: number; duration: number; notes?: string | undefined; }, any, { distance: number; duration: number; notes?: string | undefined; }> | undefined'.
      Type 'Resolver<{ distance: number; duration: number; notes?: string | undefined; }, any, TFieldValues>' is not assignable to type 'Resolver<{ distance: number; duration: number; notes?: string | undefined; }, any, { distance: number; duration: number; notes?: string | undefined; }>'.
        Type 'ResolverResult<{ distance: number; duration: number; notes?: string | undefined; }, TFieldValues> | Promise<ResolverResult<{ distance: number; duration: number; notes?: string | undefined; }, TFieldValues>>' is not assignable to type 'ResolverResult<{ distance: number; duration: number; notes?: string | undefined; }, { distance: number; duration: number; notes?: string | undefined; }> | Promise<ResolverResult<{ distance: number; duration: number; notes?: string | undefined; }, { ...; }>>'.
          Type 'ResolverSuccess<TFieldValues>' is not assignable to type 'ResolverResult<{ distance: number; duration: number; notes?: string | undefined; }, { distance: number; duration: number; notes?: string | undefined; }> | Promise<ResolverResult<{ distance: number; duration: number; notes?: string | undefined; }, { ...; }>>'.
            Type 'ResolverSuccess<TFieldValues>' is not assignable to type 'ResolverSuccess<{ distance: number; duration: number; notes?: string | undefined; }>'.
              Type 'TFieldValues' is not assignable to type '{ distance: number; duration: number; notes?: string | undefined; }'.
                Type 'FieldValues' is missing the following properties from type '{ distance: number; duration: number; notes?: string | undefined; }': distance, duration
src/app/(athlete)/athlete/running/page.tsx(161,21): error TS2322: Type 'Control<{ distance: number; duration: number; notes?: string | undefined; }, any, TFieldValues>' is not assignable to type 'Control<{ distance: number; duration: number; notes?: string | undefined; }, any, { distance: number; duration: number; notes?: string | undefined; }>'.
  The types of '_options.resolver' are incompatible between these types.
    Type 'Resolver<{ distance: number; duration: number; notes?: string | undefined; }, any, TFieldValues> | undefined' is not assignable to type 'Resolver<{ distance: number; duration: number; notes?: string | undefined; }, any, { distance: number; duration: number; notes?: string | undefined; }> | undefined'.
      Type 'Resolver<{ distance: number; duration: number; notes?: string | undefined; }, any, TFieldValues>' is not assignable to type 'Resolver<{ distance: number; duration: number; notes?: string | undefined; }, any, { distance: number; duration: number; notes?: string | undefined; }>'.
        Type 'ResolverResult<{ distance: number; duration: number; notes?: string | undefined; }, TFieldValues> | Promise<ResolverResult<{ distance: number; duration: number; notes?: string | undefined; }, TFieldValues>>' is not assignable to type 'ResolverResult<{ distance: number; duration: number; notes?: string | undefined; }, { distance: number; duration: number; notes?: string | undefined; }> | Promise<ResolverResult<{ distance: number; duration: number; notes?: string | undefined; }, { ...; }>>'.
          Type 'ResolverSuccess<TFieldValues>' is not assignable to type 'ResolverResult<{ distance: number; duration: number; notes?: string | undefined; }, { distance: number; duration: number; notes?: string | undefined; }> | Promise<ResolverResult<{ distance: number; duration: number; notes?: string | undefined; }, { ...; }>>'.
            Type 'ResolverSuccess<TFieldValues>' is not assignable to type 'ResolverSuccess<{ distance: number; duration: number; notes?: string | undefined; }>'.
              Type 'TFieldValues' is not assignable to type '{ distance: number; duration: number; notes?: string | undefined; }'.
                Type 'FieldValues' is missing the following properties from type '{ distance: number; duration: number; notes?: string | undefined; }': distance, duration
src/app/(athlete)/athlete/running/page.tsx(175,19): error TS2322: Type 'Control<{ distance: number; duration: number; notes?: string | undefined; }, any, TFieldValues>' is not assignable to type 'Control<{ distance: number; duration: number; notes?: string | undefined; }, any, { distance: number; duration: number; notes?: string | undefined; }>'.
  The types of '_options.resolver' are incompatible between these types.
    Type 'Resolver<{ distance: number; duration: number; notes?: string | undefined; }, any, TFieldValues> | undefined' is not assignable to type 'Resolver<{ distance: number; duration: number; notes?: string | undefined; }, any, { distance: number; duration: number; notes?: string | undefined; }> | undefined'.
      Type 'Resolver<{ distance: number; duration: number; notes?: string | undefined; }, any, TFieldValues>' is not assignable to type 'Resolver<{ distance: number; duration: number; notes?: string | undefined; }, any, { distance: number; duration: number; notes?: string | undefined; }>'.
        Type 'ResolverResult<{ distance: number; duration: number; notes?: string | undefined; }, TFieldValues> | Promise<ResolverResult<{ distance: number; duration: number; notes?: string | undefined; }, TFieldValues>>' is not assignable to type 'ResolverResult<{ distance: number; duration: number; notes?: string | undefined; }, { distance: number; duration: number; notes?: string | undefined; }> | Promise<ResolverResult<{ distance: number; duration: number; notes?: string | undefined; }, { ...; }>>'.
          Type 'ResolverSuccess<TFieldValues>' is not assignable to type 'ResolverResult<{ distance: number; duration: number; notes?: string | undefined; }, { distance: number; duration: number; notes?: string | undefined; }> | Promise<ResolverResult<{ distance: number; duration: number; notes?: string | undefined; }, { ...; }>>'.
            Type 'ResolverSuccess<TFieldValues>' is not assignable to type 'ResolverSuccess<{ distance: number; duration: number; notes?: string | undefined; }>'.
              Type 'TFieldValues' is not assignable to type '{ distance: number; duration: number; notes?: string | undefined; }'.
                Type 'FieldValues' is missing the following properties from type '{ distance: number; duration: number; notes?: string | undefined; }': distance, duration
src/app/(trainer)/layout.tsx(33,31): error TS2339: Property 'role' does not exist on type '{}'.
src/app/(trainer)/layout.tsx(35,31): error TS2339: Property 'role' does not exist on type '{}'.
src/app/(trainer)/layout.tsx(37,45): error TS2339: Property 'role' does not exist on type '{}'.
src/app/(trainer)/layout.tsx(60,20): error TS2339: Property 'role' does not exist on type '{}'.
src/app/(trainer)/layout.tsx(60,55): error TS2339: Property 'role' does not exist on type '{}'.
src/app/api/conversations/[conversationId]/route.ts(18,58): error TS2322: Type 'string' is not assignable to type 'Condition<ObjectId> | undefined'.
src/app/api/onboarding/complete/route.ts(41,71): error TS2339: Property 'errors' does not exist on type 'ZodError<{ name: string; gender: "male" | "female" | "other"; dateOfBirth: string; height: number; weight: number; trainingLevel: "beginner" | "intermediate" | "advanced"; }>'.
src/app/api/upload/route.ts(23,7): error TS2353: Object literal may only specify known properties, and 'contentType' does not exist in type 'GridFSBucketWriteStreamOptions'.
src/app/login/page.tsx(41,23): error TS2339: Property 'role' does not exist on type '{}'.
src/app/login/page.tsx(43,30): error TS2339: Property 'role' does not exist on type '{}'.
src/app/login/page.tsx(45,30): error TS2339: Property 'role' does not exist on type '{}'.
src/app/login/page.tsx(108,15): error TS2322: Type 'false | null' is not assignable to type 'boolean | undefined'.
  Type 'null' is not assignable to type 'boolean | undefined'.
src/app/login/page.tsx(120,15): error TS2322: Type 'false | null' is not assignable to type 'boolean | undefined'.
  Type 'null' is not assignable to type 'boolean | undefined'.
src/app/login/page.tsx(129,15): error TS2322: Type 'false | null' is not assignable to type 'boolean | undefined'.
  Type 'null' is not assignable to type 'boolean | undefined'.
src/app/login/page.tsx(137,60): error TS2322: Type 'false | null' is not assignable to type 'boolean | undefined'.
  Type 'null' is not assignable to type 'boolean | undefined'.
src/app/page.tsx(36,23): error TS2339: Property 'role' does not exist on type '{}'.
src/app/page.tsx(38,30): error TS2339: Property 'role' does not exist on type '{}'.
src/app/page.tsx(40,30): error TS2339: Property 'role' does not exist on type '{}'.
src/app/register/page.tsx(42,23): error TS2339: Property 'role' does not exist on type '{}'.
src/app/register/page.tsx(44,30): error TS2339: Property 'role' does not exist on type '{}'.
src/app/register/page.tsx(46,30): error TS2339: Property 'role' does not exist on type '{}'.
src/app/register/page.tsx(130,15): error TS2322: Type 'false | null' is not assignable to type 'boolean | undefined'.
  Type 'null' is not assignable to type 'boolean | undefined'.
src/app/register/page.tsx(142,15): error TS2322: Type 'false | null' is not assignable to type 'boolean | undefined'.
  Type 'null' is not assignable to type 'boolean | undefined'.
src/app/register/page.tsx(153,15): error TS2322: Type 'false | null' is not assignable to type 'boolean | undefined'.
  Type 'null' is not assignable to type 'boolean | undefined'.
src/app/register/page.tsx(162,15): error TS2322: Type 'false | null' is not assignable to type 'boolean | undefined'.
  Type 'null' is not assignable to type 'boolean | undefined'.
src/app/register/page.tsx(180,63): error TS2322: Type 'false | null' is not assignable to type 'boolean | undefined'.
  Type 'null' is not assignable to type 'boolean | undefined'.
src/components/admin/plan-form.tsx(34,42): error TS2353: Object literal may only specify known properties, and 'required_error' does not exist in type '{ error?: string | $ZodErrorMap<$ZodIssueInvalidValue<unknown>> | undefined; message?: string | undefined; }'.
src/components/admin/workout-form.tsx(37,42): error TS2353: Object literal may only specify known properties, and 'required_error' does not exist in type '{ error?: string | $ZodErrorMap<$ZodIssueInvalidValue<unknown>> | undefined; message?: string | undefined; }'.
src/components/admin/workout-form.tsx(67,9): error TS2322: Type 'Resolver<{ name: string; level: TrainingLevel; durationMinutes: unknown; exerciseSeries: { exerciseId: string; tempo: string; sets: { number: unknown; type: SetType; reps: unknown; weight: unknown; restTimeSeconds: unknown; }[]; tip?: string | undefined; }[]; description?: string | undefined; }, any, { ...; }>' is not assignable to type 'Resolver<{ name: string; level: TrainingLevel; durationMinutes: number; exerciseSeries: { exerciseId: string; tempo: string; sets: { number: number; type: SetType; reps: number; weight: number; restTimeSeconds: number; }[]; tip?: string | undefined; }[]; description?: string | undefined; }, any, { ...; }>'.
  Types of parameters 'options' and 'options' are incompatible.
    Type 'ResolverOptions<{ name: string; level: TrainingLevel; durationMinutes: number; exerciseSeries: { exerciseId: string; tempo: string; sets: { number: number; type: SetType; reps: number; weight: number; restTimeSeconds: number; }[]; tip?: string | undefined; }[]; description?: string | undefined; }>' is not assignable to type 'ResolverOptions<{ name: string; level: TrainingLevel; durationMinutes: unknown; exerciseSeries: { exerciseId: string; tempo: string; sets: { number: unknown; type: SetType; reps: unknown; weight: unknown; restTimeSeconds: unknown; }[]; tip?: string | undefined; }[]; description?: string | undefined; }>'.
      Types of property 'names' are incompatible.
        Type 'string[] | undefined' is not assignable to type '("name" | "description" | "level" | "durationMinutes" | "exerciseSeries")[] | undefined'.
          Type 'string[]' is not assignable to type '("name" | "description" | "level" | "durationMinutes" | "exerciseSeries")[]'.
            Type 'string' is not assignable to type '"name" | "description" | "level" | "durationMinutes" | "exerciseSeries"'.
src/components/admin/workout-form.tsx(117,47): error TS2345: Argument of type '(data: WorkoutFormValues) => Promise<void>' is not assignable to parameter of type 'SubmitHandler<TFieldValues>'.
  Types of parameters 'data' and 'data' are incompatible.
    Type 'TFieldValues' is not assignable to type '{ name: string; level: TrainingLevel; durationMinutes: number; exerciseSeries: { exerciseId: string; tempo: string; sets: { number: number; type: SetType; reps: number; weight: number; restTimeSeconds: number; }[]; tip?: string | undefined; }[]; description?: string | undefined; }'.
      Type 'FieldValues' is missing the following properties from type '{ name: string; level: TrainingLevel; durationMinutes: number; exerciseSeries: { exerciseId: string; tempo: string; sets: { number: number; type: SetType; reps: number; weight: number; restTimeSeconds: number; }[]; tip?: string | undefined; }[]; description?: string | undefined; }': name, level, durationMinutes, exerciseSeries
src/components/admin/workout-form.tsx(124,29): error TS2322: Type 'Control<{ name: string; level: TrainingLevel; durationMinutes: number; exerciseSeries: { exerciseId: string; tempo: string; sets: { number: number; type: SetType; reps: number; weight: number; restTimeSeconds: number; }[]; tip?: string | undefined; }[]; description?: string | undefined; }, any, TFieldValues>' is not assignable to type 'Control<{ name: string; level: TrainingLevel; durationMinutes: number; exerciseSeries: { exerciseId: string; tempo: string; sets: { number: number; type: SetType; reps: number; weight: number; restTimeSeconds: number; }[]; tip?: string | undefined; }[]; description?: string | undefined; }, any, { ...; }>'.
  The types of '_options.resolver' are incompatible between these types.
    Type 'Resolver<{ name: string; level: TrainingLevel; durationMinutes: number; exerciseSeries: { exerciseId: string; tempo: string; sets: { number: number; type: SetType; reps: number; weight: number; restTimeSeconds: number; }[]; tip?: string | undefined; }[]; description?: string | undefined; }, any, TFieldValues> | unde...' is not assignable to type 'Resolver<{ name: string; level: TrainingLevel; durationMinutes: number; exerciseSeries: { exerciseId: string; tempo: string; sets: { number: number; type: SetType; reps: number; weight: number; restTimeSeconds: number; }[]; tip?: string | undefined; }[]; description?: string | undefined; }, any, { ...; }> | undefined'.
      Type 'Resolver<{ name: string; level: TrainingLevel; durationMinutes: number; exerciseSeries: { exerciseId: string; tempo: string; sets: { number: number; type: SetType; reps: number; weight: number; restTimeSeconds: number; }[]; tip?: string | undefined; }[]; description?: string | undefined; }, any, TFieldValues>' is not assignable to type 'Resolver<{ name: string; level: TrainingLevel; durationMinutes: number; exerciseSeries: { exerciseId: string; tempo: string; sets: { number: number; type: SetType; reps: number; weight: number; restTimeSeconds: number; }[]; tip?: string | undefined; }[]; description?: string | undefined; }, any, { ...; }>'.
        Type 'ResolverResult<{ name: string; level: TrainingLevel; durationMinutes: number; exerciseSeries: { exerciseId: string; tempo: string; sets: { number: number; type: SetType; reps: number; weight: number; restTimeSeconds: number; }[]; tip?: string | undefined; }[]; description?: string | undefined; }, TFieldValues> | Pro...' is not assignable to type 'ResolverResult<{ name: string; level: TrainingLevel; durationMinutes: number; exerciseSeries: { exerciseId: string; tempo: string; sets: { number: number; type: SetType; reps: number; weight: number; restTimeSeconds: number; }[]; tip?: string | undefined; }[]; description?: string | undefined; }, { ...; }> | Promise...'.
          Type 'ResolverSuccess<TFieldValues>' is not assignable to type 'ResolverResult<{ name: string; level: TrainingLevel; durationMinutes: number; exerciseSeries: { exerciseId: string; tempo: string; sets: { number: number; type: SetType; reps: number; weight: number; restTimeSeconds: number; }[]; tip?: string | undefined; }[]; description?: string | undefined; }, { ...; }> | Promise...'.
            Type 'ResolverSuccess<TFieldValues>' is not assignable to type 'ResolverSuccess<{ name: string; level: TrainingLevel; durationMinutes: number; exerciseSeries: { exerciseId: string; tempo: string; sets: { number: number; type: SetType; reps: number; weight: number; restTimeSeconds: number; }[]; tip?: string | undefined; }[]; description?: string | undefined; }>'.
              Type 'TFieldValues' is not assignable to type '{ name: string; level: TrainingLevel; durationMinutes: number; exerciseSeries: { exerciseId: string; tempo: string; sets: { number: number; type: SetType; reps: number; weight: number; restTimeSeconds: number; }[]; tip?: string | undefined; }[]; description?: string | undefined; }'.
                Type 'FieldValues' is missing the following properties from type '{ name: string; level: TrainingLevel; durationMinutes: number; exerciseSeries: { exerciseId: string; tempo: string; sets: { number: number; type: SetType; reps: number; weight: number; restTimeSeconds: number; }[]; tip?: string | undefined; }[]; description?: string | undefined; }': name, level, durationMinutes, exerciseSeries
src/components/admin/workout-form.tsx(135,29): error TS2322: Type 'Control<{ name: string; level: TrainingLevel; durationMinutes: number; exerciseSeries: { exerciseId: string; tempo: string; sets: { number: number; type: SetType; reps: number; weight: number; restTimeSeconds: number; }[]; tip?: string | undefined; }[]; description?: string | undefined; }, any, TFieldValues>' is not assignable to type 'Control<{ name: string; level: TrainingLevel; durationMinutes: number; exerciseSeries: { exerciseId: string; tempo: string; sets: { number: number; type: SetType; reps: number; weight: number; restTimeSeconds: number; }[]; tip?: string | undefined; }[]; description?: string | undefined; }, any, { ...; }>'.
  The types of '_options.resolver' are incompatible between these types.
    Type 'Resolver<{ name: string; level: TrainingLevel; durationMinutes: number; exerciseSeries: { exerciseId: string; tempo: string; sets: { number: number; type: SetType; reps: number; weight: number; restTimeSeconds: number; }[]; tip?: string | undefined; }[]; description?: string | undefined; }, any, TFieldValues> | unde...' is not assignable to type 'Resolver<{ name: string; level: TrainingLevel; durationMinutes: number; exerciseSeries: { exerciseId: string; tempo: string; sets: { number: number; type: SetType; reps: number; weight: number; restTimeSeconds: number; }[]; tip?: string | undefined; }[]; description?: string | undefined; }, any, { ...; }> | undefined'.
      Type 'Resolver<{ name: string; level: TrainingLevel; durationMinutes: number; exerciseSeries: { exerciseId: string; tempo: string; sets: { number: number; type: SetType; reps: number; weight: number; restTimeSeconds: number; }[]; tip?: string | undefined; }[]; description?: string | undefined; }, any, TFieldValues>' is not assignable to type 'Resolver<{ name: string; level: TrainingLevel; durationMinutes: number; exerciseSeries: { exerciseId: string; tempo: string; sets: { number: number; type: SetType; reps: number; weight: number; restTimeSeconds: number; }[]; tip?: string | undefined; }[]; description?: string | undefined; }, any, { ...; }>'.
        Type 'ResolverResult<{ name: string; level: TrainingLevel; durationMinutes: number; exerciseSeries: { exerciseId: string; tempo: string; sets: { number: number; type: SetType; reps: number; weight: number; restTimeSeconds: number; }[]; tip?: string | undefined; }[]; description?: string | undefined; }, TFieldValues> | Pro...' is not assignable to type 'ResolverResult<{ name: string; level: TrainingLevel; durationMinutes: number; exerciseSeries: { exerciseId: string; tempo: string; sets: { number: number; type: SetType; reps: number; weight: number; restTimeSeconds: number; }[]; tip?: string | undefined; }[]; description?: string | undefined; }, { ...; }> | Promise...'.
          Type 'ResolverSuccess<TFieldValues>' is not assignable to type 'ResolverResult<{ name: string; level: TrainingLevel; durationMinutes: number; exerciseSeries: { exerciseId: string; tempo: string; sets: { number: number; type: SetType; reps: number; weight: number; restTimeSeconds: number; }[]; tip?: string | undefined; }[]; description?: string | undefined; }, { ...; }> | Promise...'.
            Type 'ResolverSuccess<TFieldValues>' is not assignable to type 'ResolverSuccess<{ name: string; level: TrainingLevel; durationMinutes: number; exerciseSeries: { exerciseId: string; tempo: string; sets: { number: number; type: SetType; reps: number; weight: number; restTimeSeconds: number; }[]; tip?: string | undefined; }[]; description?: string | undefined; }>'.
              Type 'TFieldValues' is not assignable to type '{ name: string; level: TrainingLevel; durationMinutes: number; exerciseSeries: { exerciseId: string; tempo: string; sets: { number: number; type: SetType; reps: number; weight: number; restTimeSeconds: number; }[]; tip?: string | undefined; }[]; description?: string | undefined; }'.
                Type 'FieldValues' is missing the following properties from type '{ name: string; level: TrainingLevel; durationMinutes: number; exerciseSeries: { exerciseId: string; tempo: string; sets: { number: number; type: SetType; reps: number; weight: number; restTimeSeconds: number; }[]; tip?: string | undefined; }[]; description?: string | undefined; }': name, level, durationMinutes, exerciseSeries
src/components/admin/workout-form.tsx(157,29): error TS2322: Type 'Control<{ name: string; level: TrainingLevel; durationMinutes: number; exerciseSeries: { exerciseId: string; tempo: string; sets: { number: number; type: SetType; reps: number; weight: number; restTimeSeconds: number; }[]; tip?: string | undefined; }[]; description?: string | undefined; }, any, TFieldValues>' is not assignable to type 'Control<{ name: string; level: TrainingLevel; durationMinutes: number; exerciseSeries: { exerciseId: string; tempo: string; sets: { number: number; type: SetType; reps: number; weight: number; restTimeSeconds: number; }[]; tip?: string | undefined; }[]; description?: string | undefined; }, any, { ...; }>'.
  The types of '_options.resolver' are incompatible between these types.
    Type 'Resolver<{ name: string; level: TrainingLevel; durationMinutes: number; exerciseSeries: { exerciseId: string; tempo: string; sets: { number: number; type: SetType; reps: number; weight: number; restTimeSeconds: number; }[]; tip?: string | undefined; }[]; description?: string | undefined; }, any, TFieldValues> | unde...' is not assignable to type 'Resolver<{ name: string; level: TrainingLevel; durationMinutes: number; exerciseSeries: { exerciseId: string; tempo: string; sets: { number: number; type: SetType; reps: number; weight: number; restTimeSeconds: number; }[]; tip?: string | undefined; }[]; description?: string | undefined; }, any, { ...; }> | undefined'.
      Type 'Resolver<{ name: string; level: TrainingLevel; durationMinutes: number; exerciseSeries: { exerciseId: string; tempo: string; sets: { number: number; type: SetType; reps: number; weight: number; restTimeSeconds: number; }[]; tip?: string | undefined; }[]; description?: string | undefined; }, any, TFieldValues>' is not assignable to type 'Resolver<{ name: string; level: TrainingLevel; durationMinutes: number; exerciseSeries: { exerciseId: string; tempo: string; sets: { number: number; type: SetType; reps: number; weight: number; restTimeSeconds: number; }[]; tip?: string | undefined; }[]; description?: string | undefined; }, any, { ...; }>'.
        Type 'ResolverResult<{ name: string; level: TrainingLevel; durationMinutes: number; exerciseSeries: { exerciseId: string; tempo: string; sets: { number: number; type: SetType; reps: number; weight: number; restTimeSeconds: number; }[]; tip?: string | undefined; }[]; description?: string | undefined; }, TFieldValues> | Pro...' is not assignable to type 'ResolverResult<{ name: string; level: TrainingLevel; durationMinutes: number; exerciseSeries: { exerciseId: string; tempo: string; sets: { number: number; type: SetType; reps: number; weight: number; restTimeSeconds: number; }[]; tip?: string | undefined; }[]; description?: string | undefined; }, { ...; }> | Promise...'.
          Type 'ResolverSuccess<TFieldValues>' is not assignable to type 'ResolverResult<{ name: string; level: TrainingLevel; durationMinutes: number; exerciseSeries: { exerciseId: string; tempo: string; sets: { number: number; type: SetType; reps: number; weight: number; restTimeSeconds: number; }[]; tip?: string | undefined; }[]; description?: string | undefined; }, { ...; }> | Promise...'.
            Type 'ResolverSuccess<TFieldValues>' is not assignable to type 'ResolverSuccess<{ name: string; level: TrainingLevel; durationMinutes: number; exerciseSeries: { exerciseId: string; tempo: string; sets: { number: number; type: SetType; reps: number; weight: number; restTimeSeconds: number; }[]; tip?: string | undefined; }[]; description?: string | undefined; }>'.
              Type 'TFieldValues' is not assignable to type '{ name: string; level: TrainingLevel; durationMinutes: number; exerciseSeries: { exerciseId: string; tempo: string; sets: { number: number; type: SetType; reps: number; weight: number; restTimeSeconds: number; }[]; tip?: string | undefined; }[]; description?: string | undefined; }'.
                Type 'FieldValues' is missing the following properties from type '{ name: string; level: TrainingLevel; durationMinutes: number; exerciseSeries: { exerciseId: string; tempo: string; sets: { number: number; type: SetType; reps: number; weight: number; restTimeSeconds: number; }[]; tip?: string | undefined; }[]; description?: string | undefined; }': name, level, durationMinutes, exerciseSeries
src/components/admin/workout-form.tsx(168,29): error TS2322: Type 'Control<{ name: string; level: TrainingLevel; durationMinutes: number; exerciseSeries: { exerciseId: string; tempo: string; sets: { number: number; type: SetType; reps: number; weight: number; restTimeSeconds: number; }[]; tip?: string | undefined; }[]; description?: string | undefined; }, any, TFieldValues>' is not assignable to type 'Control<{ name: string; level: TrainingLevel; durationMinutes: number; exerciseSeries: { exerciseId: string; tempo: string; sets: { number: number; type: SetType; reps: number; weight: number; restTimeSeconds: number; }[]; tip?: string | undefined; }[]; description?: string | undefined; }, any, { ...; }>'.
  The types of '_options.resolver' are incompatible between these types.
    Type 'Resolver<{ name: string; level: TrainingLevel; durationMinutes: number; exerciseSeries: { exerciseId: string; tempo: string; sets: { number: number; type: SetType; reps: number; weight: number; restTimeSeconds: number; }[]; tip?: string | undefined; }[]; description?: string | undefined; }, any, TFieldValues> | unde...' is not assignable to type 'Resolver<{ name: string; level: TrainingLevel; durationMinutes: number; exerciseSeries: { exerciseId: string; tempo: string; sets: { number: number; type: SetType; reps: number; weight: number; restTimeSeconds: number; }[]; tip?: string | undefined; }[]; description?: string | undefined; }, any, { ...; }> | undefined'.
      Type 'Resolver<{ name: string; level: TrainingLevel; durationMinutes: number; exerciseSeries: { exerciseId: string; tempo: string; sets: { number: number; type: SetType; reps: number; weight: number; restTimeSeconds: number; }[]; tip?: string | undefined; }[]; description?: string | undefined; }, any, TFieldValues>' is not assignable to type 'Resolver<{ name: string; level: TrainingLevel; durationMinutes: number; exerciseSeries: { exerciseId: string; tempo: string; sets: { number: number; type: SetType; reps: number; weight: number; restTimeSeconds: number; }[]; tip?: string | undefined; }[]; description?: string | undefined; }, any, { ...; }>'.
        Type 'ResolverResult<{ name: string; level: TrainingLevel; durationMinutes: number; exerciseSeries: { exerciseId: string; tempo: string; sets: { number: number; type: SetType; reps: number; weight: number; restTimeSeconds: number; }[]; tip?: string | undefined; }[]; description?: string | undefined; }, TFieldValues> | Pro...' is not assignable to type 'ResolverResult<{ name: string; level: TrainingLevel; durationMinutes: number; exerciseSeries: { exerciseId: string; tempo: string; sets: { number: number; type: SetType; reps: number; weight: number; restTimeSeconds: number; }[]; tip?: string | undefined; }[]; description?: string | undefined; }, { ...; }> | Promise...'.
          Type 'ResolverSuccess<TFieldValues>' is not assignable to type 'ResolverResult<{ name: string; level: TrainingLevel; durationMinutes: number; exerciseSeries: { exerciseId: string; tempo: string; sets: { number: number; type: SetType; reps: number; weight: number; restTimeSeconds: number; }[]; tip?: string | undefined; }[]; description?: string | undefined; }, { ...; }> | Promise...'.
            Type 'ResolverSuccess<TFieldValues>' is not assignable to type 'ResolverSuccess<{ name: string; level: TrainingLevel; durationMinutes: number; exerciseSeries: { exerciseId: string; tempo: string; sets: { number: number; type: SetType; reps: number; weight: number; restTimeSeconds: number; }[]; tip?: string | undefined; }[]; description?: string | undefined; }>'.
              Type 'TFieldValues' is not assignable to type '{ name: string; level: TrainingLevel; durationMinutes: number; exerciseSeries: { exerciseId: string; tempo: string; sets: { number: number; type: SetType; reps: number; weight: number; restTimeSeconds: number; }[]; tip?: string | undefined; }[]; description?: string | undefined; }'.
                Type 'FieldValues' is missing the following properties from type '{ name: string; level: TrainingLevel; durationMinutes: number; exerciseSeries: { exerciseId: string; tempo: string; sets: { number: number; type: SetType; reps: number; weight: number; restTimeSeconds: number; }[]; tip?: string | undefined; }[]; description?: string | undefined; }': name, level, durationMinutes, exerciseSeries
src/components/admin/workout-form.tsx(236,109): error TS7006: Parameter 'prev' implicitly has an 'any' type.
src/components/admin/workout-form.tsx(267,81): error TS7006: Parameter 'prev' implicitly has an 'any' type.
src/components/nav.tsx(139,18): error TS2339: Property 'role' does not exist on type '{}'.
src/components/nav.tsx(164,30): error TS2339: Property 'email' does not exist on type '{}'.
src/components/nav.tsx(165,29): error TS2339: Property 'name' does not exist on type '{}'.
src/components/nav.tsx(252,34): error TS2339: Property 'role' does not exist on type '{}'.
src/components/nav.tsx(253,32): error TS2339: Property 'role' does not exist on type '{}'.
src/components/nav.tsx(356,55): error TS2339: Property 'name' does not exist on type '{}'.
src/components/nav.tsx(359,67): error TS2339: Property 'name' does not exist on type '{}'.
src/components/nav.tsx(360,86): error TS2339: Property 'role' does not exist on type '{}'.
src/components/shared/exercises/ExerciseForm.tsx(54,11): error TS2769: No overload matches this call.
  Overload 1 of 2, '(values: readonly ["weight", "duration", "reps"], params?: string | { error?: string | $ZodErrorMap<$ZodIssueInvalidValue<unknown>> | undefined; message?: string | undefined; } | undefined): ZodEnum<...>', gave the following error.
    Object literal may only specify known properties, and 'required_error' does not exist in type '{ error?: string | $ZodErrorMap<$ZodIssueInvalidValue<unknown>> | undefined; message?: string | undefined; }'.
  Overload 2 of 2, '(entries: Readonly<Record<string, EnumValue>>, params?: string | { error?: string | $ZodErrorMap<$ZodIssueInvalidValue<unknown>> | undefined; message?: string | undefined; } | undefined): ZodEnum<...>', gave the following error.
    Argument of type 'string[]' is not assignable to parameter of type 'Readonly<Record<string, EnumValue>>'.
      Index signature for type 'string' is missing in type 'string[]'.
src/components/shared/exercises/ProgressDialog.tsx(95,19): error TS2322: Type '(value: number) => [string, "Wynik"]' is not assignable to type 'Formatter<number, "Wynik">'.
  Types of parameters 'value' and 'value' are incompatible.
    Type 'number | undefined' is not assignable to type 'number'.
      Type 'undefined' is not assignable to type 'number'.
src/components/social/PostCard.tsx(105,75): error TS2345: Argument of type 'Timestamp' is not assignable to parameter of type 'Date'.
  Type 'Timestamp' is missing the following properties from type 'Date': toDateString, toTimeString, toLocaleDateString, toLocaleTimeString, and 36 more.
src/components/social/PublicProfileDialog.tsx(111,47): error TS2339: Property 'profile' does not exist on type 'PublicProfileData'.
src/components/social/PublicProfileDialog.tsx(112,58): error TS2339: Property 'profile' does not exist on type 'PublicProfileData'.
src/components/social/PublicProfileDialog.tsx(115,69): error TS2339: Property 'profile' does not exist on type 'PublicProfileData'.
src/components/social/PublicProfileDialog.tsx(116,30): error TS2339: Property 'profile' does not exist on type 'PublicProfileData'.
src/components/social/PublicProfileDialog.tsx(117,69): error TS2339: Property 'profile' does not exist on type 'PublicProfileData'.
src/components/social/PublicProfileDialog.tsx(121,55): error TS2339: Property 'profile' does not exist on type 'PublicProfileData'.
src/components/social/PublicProfileDialog.tsx(131,69): error TS2339: Property 'stats' does not exist on type 'PublicProfileData'.
src/components/social/PublicProfileDialog.tsx(138,69): error TS2339: Property 'stats' does not exist on type 'PublicProfileData'.
src/components/social/PublicProfileDialog.tsx(145,26): error TS2339: Property 'records' does not exist on type 'PublicProfileData'.
src/components/social/PublicProfileDialog.tsx(145,49): error TS2339: Property 'records' does not exist on type 'PublicProfileData'.
src/components/social/PublicProfileDialog.tsx(152,32): error TS2339: Property 'records' does not exist on type 'PublicProfileData'.
src/components/social/PublicProfileDialog.tsx(152,57): error TS7006: Parameter 'record' implicitly has an 'any' type.
src/components/social/PublicProfileDialog.tsx(152,65): error TS7006: Parameter 'index' implicitly has an 'any' type.
src/components/social/PublicProfileDialog.tsx(171,26): error TS2339: Property 'recentPosts' does not exist on type 'PublicProfileData'.
src/components/social/PublicProfileDialog.tsx(171,53): error TS2339: Property 'recentPosts' does not exist on type 'PublicProfileData'.
src/components/social/PublicProfileDialog.tsx(178,32): error TS2339: Property 'recentPosts' does not exist on type 'PublicProfileData'.
src/components/social/PublicProfileDialog.tsx(178,61): error TS7006: Parameter 'post' implicitly has an 'any' type.
src/components/theme-provider.tsx(5,41): error TS2307: Cannot find module 'next-themes/dist/types' or its corresponding type declarations.
src/components/ui/calendar.tsx(57,9): error TS2353: Object literal may only specify known properties, and 'IconLeft' does not exist in type 'Partial<CustomComponents>'.
src/components/ui/calendar.tsx(57,22): error TS7031: Binding element 'className' implicitly has an 'any' type.
src/components/ui/calendar.tsx(60,23): error TS7031: Binding element 'className' implicitly has an 'any' type.
src/components/ui/chart.tsx(119,7): error TS2339: Property 'payload' does not exist on type 'Omit<Omit<Props<ValueType, NameType>, PropertiesReadFromContext> & { active?: boolean | undefined; allowEscapeViewBox?: AllowInDimension | undefined; ... 17 more ...; wrapperStyle?: CSSProperties | undefined; } & ClassAttributes<...> & HTMLAttributes<...> & { ...; }, "ref">'.
src/components/ui/chart.tsx(124,7): error TS2339: Property 'label' does not exist on type 'Omit<Omit<Props<ValueType, NameType>, PropertiesReadFromContext> & { active?: boolean | undefined; allowEscapeViewBox?: AllowInDimension | undefined; ... 17 more ...; wrapperStyle?: CSSProperties | undefined; } & ClassAttributes<...> & HTMLAttributes<...> & { ...; }, "ref">'.
src/components/ui/chart.tsx(188,25): error TS7006: Parameter 'item' implicitly has an 'any' type.
src/components/ui/chart.tsx(188,31): error TS7006: Parameter 'index' implicitly has an 'any' type.
src/components/ui/chart.tsx(264,41): error TS2344: Type '"verticalAlign" | "payload"' does not satisfy the constraint '"string" | "path" | "href" | "origin" | "media" | "fontFamily" | "filter" | "fill" | "values" | "content" | "method" | "format" | "key" | "id" | "suppressHydrationWarning" | "className" | ... 430 more ... | "onBBoxUpdate"'.
  Type '"payload"' is not assignable to type '"string" | "path" | "href" | "origin" | "media" | "fontFamily" | "filter" | "fill" | "values" | "content" | "method" | "format" | "key" | "id" | "suppressHydrationWarning" | "className" | ... 430 more ... | "onBBoxUpdate"'.
src/components/ui/chart.tsx(275,19): error TS2339: Property 'length' does not exist on type '{}'.
src/components/ui/chart.tsx(288,18): error TS2339: Property 'map' does not exist on type '{}'.
src/components/ui/chart.tsx(288,23): error TS7006: Parameter 'item' implicitly has an 'any' type.
src/components/workouts/CreateWorkout.tsx(111,9): error TS2322: Type 'Resolver<{ name: string; level: TrainingLevel; durationMinutes: unknown; exerciseSeries: { exerciseId: string; sets: { type: SetType; restTimeSeconds: unknown; reps?: unknown; weight?: unknown; duration?: unknown; }[]; tempo?: string | undefined; tip?: string | undefined; }[]; description?: string | undefined; image...' is not assignable to type 'Resolver<{ name: string; level: TrainingLevel; durationMinutes: number; exerciseSeries: { exerciseId: string; sets: { type: SetType; restTimeSeconds: number; reps?: number | undefined; weight?: number | undefined; duration?: number | undefined; }[]; tempo?: string | undefined; tip?: string | undefined; }[]; status: ...'.
  Types of parameters 'options' and 'options' are incompatible.
    Type 'ResolverOptions<{ name: string; level: TrainingLevel; durationMinutes: number; exerciseSeries: { exerciseId: string; sets: { type: SetType; restTimeSeconds: number; reps?: number | undefined; weight?: number | undefined; duration?: number | undefined; }[]; tempo?: string | undefined; tip?: string | undefined; }[]; s...' is not assignable to type 'ResolverOptions<{ name: string; level: TrainingLevel; durationMinutes: unknown; exerciseSeries: { exerciseId: string; sets: { type: SetType; restTimeSeconds: unknown; reps?: unknown; weight?: unknown; duration?: unknown; }[]; tempo?: string | undefined; tip?: string | undefined; }[]; description?: string | undefined...'.
      Types of property 'names' are incompatible.
        Type 'string[] | undefined' is not assignable to type '("name" | "description" | "status" | "imageUrl" | "level" | "durationMinutes" | "exerciseSeries")[] | undefined'.
          Type 'string[]' is not assignable to type '("name" | "description" | "status" | "imageUrl" | "level" | "durationMinutes" | "exerciseSeries")[]'.
            Type 'string' is not assignable to type '"name" | "description" | "status" | "imageUrl" | "level" | "durationMinutes" | "exerciseSeries"'.
src/components/workouts/CreateWorkout.tsx(341,43): error TS2345: Argument of type '(data: WorkoutFormValues) => Promise<void>' is not assignable to parameter of type 'SubmitHandler<TFieldValues>'.
  Types of parameters 'data' and 'data' are incompatible.
    Type 'TFieldValues' is not assignable to type '{ name: string; level: TrainingLevel; durationMinutes: number; exerciseSeries: { exerciseId: string; sets: { type: SetType; restTimeSeconds: number; reps?: number | undefined; weight?: number | undefined; duration?: number | undefined; }[]; tempo?: string | undefined; tip?: string | undefined; }[]; status: "publishe...'.
      Type 'FieldValues' is missing the following properties from type '{ name: string; level: TrainingLevel; durationMinutes: number; exerciseSeries: { exerciseId: string; sets: { type: SetType; restTimeSeconds: number; reps?: number | undefined; weight?: number | undefined; duration?: number | undefined; }[]; tempo?: string | undefined; tip?: string | undefined; }[]; status: "publishe...': name, level, durationMinutes, exerciseSeries, status
src/components/workouts/EditWorkout.tsx(97,9): error TS2322: Type 'Resolver<{ name: string; level: TrainingLevel; durationMinutes: unknown; exerciseSeries: { exerciseId: string; sets: { type: SetType; restTimeSeconds: unknown; reps?: unknown; weight?: unknown; duration?: unknown; }[]; tempo?: string | undefined; tip?: string | undefined; }[]; description?: string | undefined; image...' is not assignable to type 'Resolver<{ name: string; level: TrainingLevel; durationMinutes: number; exerciseSeries: { exerciseId: string; sets: { type: SetType; restTimeSeconds: number; reps?: number | undefined; weight?: number | undefined; duration?: number | undefined; }[]; tempo?: string | undefined; tip?: string | undefined; }[]; descript...'.
  Types of parameters 'options' and 'options' are incompatible.
    Type 'ResolverOptions<{ name: string; level: TrainingLevel; durationMinutes: number; exerciseSeries: { exerciseId: string; sets: { type: SetType; restTimeSeconds: number; reps?: number | undefined; weight?: number | undefined; duration?: number | undefined; }[]; tempo?: string | undefined; tip?: string | undefined; }[]; d...' is not assignable to type 'ResolverOptions<{ name: string; level: TrainingLevel; durationMinutes: unknown; exerciseSeries: { exerciseId: string; sets: { type: SetType; restTimeSeconds: unknown; reps?: unknown; weight?: unknown; duration?: unknown; }[]; tempo?: string | undefined; tip?: string | undefined; }[]; description?: string | undefined...'.
      Types of property 'names' are incompatible.
        Type 'string[] | undefined' is not assignable to type '("name" | "description" | "imageUrl" | "level" | "durationMinutes" | "exerciseSeries")[] | undefined'.
          Type 'string[]' is not assignable to type '("name" | "description" | "imageUrl" | "level" | "durationMinutes" | "exerciseSeries")[]'.
            Type 'string' is not assignable to type '"name" | "description" | "imageUrl" | "level" | "durationMinutes" | "exerciseSeries"'.
src/components/workouts/EditWorkout.tsx(299,43): error TS2345: Argument of type '(data: WorkoutFormValues) => Promise<void>' is not assignable to parameter of type 'SubmitHandler<TFieldValues>'.
  Types of parameters 'data' and 'data' are incompatible.
    Type 'TFieldValues' is not assignable to type '{ name: string; level: TrainingLevel; durationMinutes: number; exerciseSeries: { exerciseId: string; sets: { type: SetType; restTimeSeconds: number; reps?: number | undefined; weight?: number | undefined; duration?: number | undefined; }[]; tempo?: string | undefined; tip?: string | undefined; }[]; description?: str...'.
      Type 'FieldValues' is missing the following properties from type '{ name: string; level: TrainingLevel; durationMinutes: number; exerciseSeries: { exerciseId: string; sets: { type: SetType; restTimeSeconds: number; reps?: number | undefined; weight?: number | undefined; duration?: number | undefined; }[]; tempo?: string | undefined; tip?: string | undefined; }[]; description?: str...': name, level, durationMinutes, exerciseSeries
src/lib/email.ts(1,24): error TS2307: Cannot find module 'nodemailer' or its corresponding type declarations.
src/models/Achievement.ts(23,21): error TS2339: Property 'id' does not exist on type 'FlatRecord<IAchievement> & Required<{ _id: string; }> & { __v: number; }'.
src/models/Achievement.ts(24,24): error TS2790: The operand of a 'delete' operator must be optional.
src/models/Article.ts(32,13): error TS2339: Property 'id' does not exist on type 'FlatRecord<IArticle> & Required<{ _id: string; }> & { __v: number; }'.
src/models/Article.ts(33,16): error TS2790: The operand of a 'delete' operator must be optional.
src/models/ArticleCategory.ts(15,21): error TS2339: Property 'id' does not exist on type 'FlatRecord<IArticleCategory> & Required<{ _id: string; }> & { __v: number; }'.
src/models/ArticleCategory.ts(16,24): error TS2790: The operand of a 'delete' operator must be optional.
src/models/BodyMeasurement.ts(3,18): error TS2430: Interface 'IBodyMeasurement' incorrectly extends interface 'Document<ObjectId, any, any, Record<string, any>, {}>'.
  Types of property '_id' are incompatible.
    Type 'string' is not assignable to type 'ObjectId'.
src/models/BodyMeasurement.ts(44,13): error TS2339: Property 'id' does not exist on type 'FlatRecord<IBodyMeasurement> & Required<{ _id: string; }> & { __v: number; }'.
src/models/BodyMeasurement.ts(45,16): error TS2790: The operand of a 'delete' operator must be optional.
src/models/Conversation.ts(41,13): error TS2339: Property 'id' does not exist on type 'FlatRecord<IConversation> & Required<{ _id: string; }> & { __v: number; }'.
src/models/Conversation.ts(42,16): error TS2790: The operand of a 'delete' operator must be optional.
src/models/Conversation.ts(77,13): error TS2339: Property 'id' does not exist on type 'FlatRecord<IMessage> & Required<{ _id: string; }> & { __v: number; }'.
src/models/Conversation.ts(78,16): error TS2790: The operand of a 'delete' operator must be optional.
src/models/Conversation.ts(125,13): error TS2339: Property 'id' does not exist on type 'FlatRecord<IBodyMeasurement> & Required<{ _id: string; }> & { __v: number; }'.
src/models/Conversation.ts(126,16): error TS2790: The operand of a 'delete' operator must be optional.
src/models/Conversation.ts(159,13): error TS2339: Property 'id' does not exist on type 'FlatRecord<ITrainerRequest> & Required<{ _id: string; }> & { __v: number; }'.
src/models/Conversation.ts(160,16): error TS2790: The operand of a 'delete' operator must be optional.
src/models/Conversation.ts(209,13): error TS2339: Property 'id' does not exist on type 'FlatRecord<IMeal> & Required<{ _id: string; }> & { __v: number; }'.
src/models/Conversation.ts(210,16): error TS2790: The operand of a 'delete' operator must be optional.
src/models/Conversation.ts(246,13): error TS2339: Property 'id' does not exist on type 'FlatRecord<IRunningSession> & Required<{ _id: string; }> & { __v: number; }'.
src/models/Conversation.ts(247,16): error TS2790: The operand of a 'delete' operator must be optional.
src/models/Conversation.ts(280,13): error TS2339: Property 'id' does not exist on type 'FlatRecord<IAchievement> & Required<{ _id: string; }> & { __v: number; }'.
src/models/Conversation.ts(281,16): error TS2790: The operand of a 'delete' operator must be optional.
src/models/Conversation.ts(308,13): error TS2339: Property 'id' does not exist on type 'FlatRecord<IGym> & Required<{ _id: string; }> & { __v: number; }'.
src/models/Conversation.ts(309,16): error TS2790: The operand of a 'delete' operator must be optional.
src/models/DietPlan.ts(41,21): error TS2339: Property 'id' does not exist on type 'FlatRecord<IDietPlan> & Required<{ _id: ObjectId; }> & { __v: number; }'.
src/models/DietPlan.ts(42,24): error TS2790: The operand of a 'delete' operator must be optional.
src/models/Gym.ts(3,18): error TS2430: Interface 'IGym' incorrectly extends interface 'Document<ObjectId, any, any, Record<string, any>, {}>'.
  Types of property '_id' are incompatible.
    Type 'string' is not assignable to type 'ObjectId'.
src/models/Gym.ts(36,13): error TS2339: Property 'id' does not exist on type 'FlatRecord<IGym> & Required<{ _id: string; }> & { __v: number; }'.
src/models/Gym.ts(37,16): error TS2790: The operand of a 'delete' operator must be optional.
src/models/index.ts(9,1): error TS2308: Module './Conversation' has already exported a member named 'IMessage'. Consider explicitly re-exporting to resolve the ambiguity.
src/models/index.ts(9,1): error TS2308: Module './Conversation' has already exported a member named 'Message'. Consider explicitly re-exporting to resolve the ambiguity.
src/models/index.ts(10,1): error TS2308: Module './Conversation' has already exported a member named 'BodyMeasurement'. Consider explicitly re-exporting to resolve the ambiguity.
src/models/index.ts(10,1): error TS2308: Module './Conversation' has already exported a member named 'IBodyMeasurement'. Consider explicitly re-exporting to resolve the ambiguity.
src/models/index.ts(11,1): error TS2308: Module './Conversation' has already exported a member named 'IRunningSession'. Consider explicitly re-exporting to resolve the ambiguity.
src/models/index.ts(11,1): error TS2308: Module './Conversation' has already exported a member named 'RunningSession'. Consider explicitly re-exporting to resolve the ambiguity.
src/models/index.ts(13,1): error TS2308: Module './Exercise' has already exported a member named 'IMuscleGroup'. Consider explicitly re-exporting to resolve the ambiguity.
src/models/index.ts(14,1): error TS2308: Module './Conversation' has already exported a member named 'Gym'. Consider explicitly re-exporting to resolve the ambiguity.
src/models/index.ts(14,1): error TS2308: Module './Conversation' has already exported a member named 'IGym'. Consider explicitly re-exporting to resolve the ambiguity.
src/models/index.ts(15,1): error TS2308: Module './Conversation' has already exported a member named 'IMeal'. Consider explicitly re-exporting to resolve the ambiguity.
src/models/index.ts(15,1): error TS2308: Module './Conversation' has already exported a member named 'Meal'. Consider explicitly re-exporting to resolve the ambiguity.
src/models/index.ts(18,1): error TS2308: Module './Conversation' has already exported a member named 'ITrainerRequest'. Consider explicitly re-exporting to resolve the ambiguity.
src/models/index.ts(18,1): error TS2308: Module './Conversation' has already exported a member named 'TrainerRequest'. Consider explicitly re-exporting to resolve the ambiguity.
src/models/index.ts(19,1): error TS2308: Module './Conversation' has already exported a member named 'Achievement'. Consider explicitly re-exporting to resolve the ambiguity.
src/models/index.ts(19,1): error TS2308: Module './Conversation' has already exported a member named 'IAchievement'. Consider explicitly re-exporting to resolve the ambiguity.
src/models/Meal.ts(38,13): error TS2339: Property 'id' does not exist on type 'FlatRecord<IMeal> & Required<{ _id: string; }> & { __v: number; }'.
src/models/Meal.ts(39,16): error TS2790: The operand of a 'delete' operator must be optional.
src/models/Message.ts(3,18): error TS2430: Interface 'IMessage' incorrectly extends interface 'Document<ObjectId, any, any, Record<string, any>, {}>'.
  Types of property '_id' are incompatible.
    Type 'string' is not assignable to type 'ObjectId'.
src/models/Message.ts(21,13): error TS2339: Property 'id' does not exist on type 'FlatRecord<IMessage> & Required<{ _id: string; }> & { __v: number; }'.
src/models/Message.ts(22,16): error TS2790: The operand of a 'delete' operator must be optional.
src/models/MuscleGroup.ts(3,18): error TS2430: Interface 'IMuscleGroup' incorrectly extends interface 'Document<ObjectId, any, any, Record<string, any>, {}>'.
  Types of property '_id' are incompatible.
    Type 'string' is not assignable to type 'ObjectId'.
src/models/MuscleGroup.ts(24,13): error TS2339: Property 'id' does not exist on type 'FlatRecord<IMuscleGroup> & Required<{ _id: string; }> & { __v: number; }'.
src/models/MuscleGroup.ts(25,16): error TS2790: The operand of a 'delete' operator must be optional.
src/models/NutritionGoal.ts(36,13): error TS2339: Property 'id' does not exist on type 'FlatRecord<INutritionGoal> & Required<{ _id: string; }> & { __v: number; }'.
src/models/NutritionGoal.ts(37,16): error TS2790: The operand of a 'delete' operator must be optional.
src/models/PersonalRecord.ts(30,13): error TS2339: Property 'id' does not exist on type 'FlatRecord<IPersonalRecord> & Required<{ _id: string; }> & { __v: number; }'.
src/models/PersonalRecord.ts(31,16): error TS2790: The operand of a 'delete' operator must be optional.
src/models/RunningSession.ts(3,18): error TS2430: Interface 'IRunningSession' incorrectly extends interface 'Document<ObjectId, any, any, Record<string, any>, {}>'.
  Types of property '_id' are incompatible.
    Type 'string' is not assignable to type 'ObjectId'.
src/models/RunningSession.ts(28,13): error TS2339: Property 'id' does not exist on type 'FlatRecord<IRunningSession> & Required<{ _id: string; }> & { __v: number; }'.
src/models/RunningSession.ts(29,16): error TS2790: The operand of a 'delete' operator must be optional.
src/models/SavedMeal.ts(51,21): error TS2339: Property 'id' does not exist on type 'FlatRecord<ISavedMeal> & Required<{ _id: ObjectId; }> & { __v: number; }'.
src/models/SocialPost.ts(28,13): error TS2339: Property 'id' does not exist on type 'FlatRecord<ISocialPost> & Required<{ _id: string; }> & { __v: number; }'.
src/models/SocialPost.ts(29,16): error TS2790: The operand of a 'delete' operator must be optional.
src/models/SocialPost.ts(44,3): error TS2349: This expression is not callable.
  Type 'SaveOptions' has no call signatures.
src/models/SocialProfile.ts(24,13): error TS2339: Property 'id' does not exist on type 'FlatRecord<ISocialProfile> & Required<{ _id: string; }> & { __v: number; }'.
src/models/SocialProfile.ts(25,16): error TS2790: The operand of a 'delete' operator must be optional.
src/models/TrainerRequest.ts(24,21): error TS2339: Property 'id' does not exist on type 'FlatRecord<ITrainerRequest> & Required<{ _id: string; }> & { __v: number; }'.
src/models/TrainerRequest.ts(25,24): error TS2790: The operand of a 'delete' operator must be optional.
src/models/User.ts(7,18): error TS2430: Interface 'IUser' incorrectly extends interface 'Document<ObjectId, any, any, Record<string, any>, {}>'.
  Types of property '_id' are incompatible.
    Type 'string' is not assignable to type 'ObjectId'.
src/models/User.ts(61,13): error TS2339: Property 'id' does not exist on type 'FlatRecord<IUser> & Required<{ _id: string; }> & { __v: number; }'.
src/models/User.ts(62,16): error TS2790: The operand of a 'delete' operator must be optional.
src/models/User.ts(76,12): error TS2349: This expression is not callable.
  Type 'SaveOptions' has no call signatures.
src/models/User.ts(82,5): error TS2349: This expression is not callable.
  Type 'SaveOptions' has no call signatures.
src/models/User.ts(84,5): error TS2349: This expression is not callable.
  Type 'SaveOptions' has no call signatures.
src/models/Workout.ts(4,18): error TS2430: Interface 'IWorkout' incorrectly extends interface 'Document<ObjectId, any, any, Record<string, any>, {}>'.
  Types of property '_id' are incompatible.
    Type 'string' is not assignable to type 'ObjectId'.
src/models/Workout.ts(54,21): error TS2339: Property 'id' does not exist on type 'FlatRecord<IWorkout> & Required<{ _id: string; }> & { __v: number; }'.
src/models/Workout.ts(55,24): error TS2790: The operand of a 'delete' operator must be optional.
src/models/WorkoutPlan.ts(3,18): error TS2430: Interface 'IWorkoutPlan' incorrectly extends interface 'Document<ObjectId, any, any, Record<string, any>, {}>'.
  Types of property '_id' are incompatible.
    Type 'string' is not assignable to type 'ObjectId'.
src/models/WorkoutPlan.ts(44,13): error TS2339: Property 'id' does not exist on type 'FlatRecord<IWorkoutPlan> & Required<{ _id: string; }> & { __v: number; }'.
src/models/WorkoutPlan.ts(45,16): error TS2790: The operand of a 'delete' operator must be optional.
tailwind.config.ts(4,3): error TS2322: Type '["class"]' is not assignable to type 'DarkModeStrategy | undefined'.
  Type '["class"]' is not assignable to type '["class", string]'.
    Source has 1 element(s) but target requires 2.
